00:00 +0: loading C:/Users/Shresth/Desktop/Projects/i-c-m-s/test/widget_test.dart
00:00 +0: App displays dashboard with empty state
ΓòÉΓòÉΓòí EXCEPTION CAUGHT BY RENDERING LIBRARY Γò₧ΓòÉΓòÉΓòÉΓòÉΓòÉΓòÉΓòÉΓòÉΓòÉΓòÉΓòÉΓòÉΓòÉΓòÉΓòÉΓòÉΓòÉΓòÉΓòÉΓòÉΓòÉΓòÉΓòÉΓòÉΓòÉΓòÉΓòÉΓòÉΓòÉΓòÉΓòÉΓòÉΓòÉΓòÉΓòÉΓòÉΓòÉΓòÉΓòÉΓòÉΓòÉΓòÉΓòÉΓòÉΓòÉΓòÉΓòÉΓòÉΓòÉΓòÉΓòÉΓòÉΓòÉΓòÉΓòÉΓòÉΓòÉ
The following assertion was thrown during performLayout():
RenderFlex children have non-zero flex but incoming height constraints are unbounded.
When a column is in a parent that does not provide a finite height constraint, for example if it is
in a vertical scrollable, it will try to shrink-wrap its children along the vertical axis. Setting a
flex on a child (e.g. using Expanded) indicates that the child is to expand to fill the remaining
space in the vertical direction.
These two directives are mutually exclusive. If a parent is to shrink-wrap its child, the child
cannot simultaneously expand to fit its parent.
Consider setting mainAxisSize to MainAxisSize.min and using FlexFit.loose fits for the flexible
children (using Flexible rather than Expanded). This will allow the flexible children to size
themselves to less than the infinite remaining space they would otherwise be forced to take, and
then will cause the RenderFlex to shrink-wrap the children rather than expanding to fit the maximum
constraints provided by the parent.
If this message did not help you determine the problem, consider using debugDumpRenderTree():
  https://flutter.dev/to/debug-render-layer
  https://api.flutter.dev/flutter/rendering/debugDumpRenderTree.html
The affected RenderFlex is:
  RenderFlex#bd964 relayoutBoundary=up16 NEEDS-PAINT NEEDS-COMPOSITING-BITS-UPDATE(creator: Column ΓåÉ Padding ΓåÉ Listener ΓåÉ RawGestureDetector ΓåÉ GestureDetector ΓåÉ Semantics ΓåÉ DefaultSelectionStyle ΓåÉ Builder ΓåÉ MouseRegion ΓåÉ Semantics ΓåÉ _FocusInheritedScope ΓåÉ Focus ΓåÉ Γï», parentData: offset=Offset(20.0, 20.0) (can use size), constraints: BoxConstraints(w=328.0, 0.0<=h<=Infinity), size: MISSING, direction: vertical, mainAxisAlignment: start, mainAxisSize: max, crossAxisAlignment: start, textDirection: ltr, verticalDirection: down, spacing: 0.0)
The creator information is set to:
  Column ΓåÉ Padding ΓåÉ Listener ΓåÉ RawGestureDetector ΓåÉ GestureDetector ΓåÉ Semantics ΓåÉ
  DefaultSelectionStyle ΓåÉ Builder ΓåÉ MouseRegion ΓåÉ Semantics ΓåÉ _FocusInheritedScope ΓåÉ Focus ΓåÉ Γï»
See also: https://flutter.dev/unbounded-constraints
If none of the above helps enough to fix this problem, please don't hesitate to file a bug:
  https://github.com/flutter/flutter/issues/new?template=02_bug.yml

The relevant error-causing widget was:
  Column
  Column:file:///C:/Users/Shresth/Desktop/Projects/i-c-m-s/lib/features/dashboard/presentation/widgets/summary_stat_card.dart:30:18

When the exception was thrown, this was the stack:
#0      RenderFlex.performLayout.<anonymous closure> (package:flutter/src/rendering/flex.dart:1252:9)
#1      RenderFlex.performLayout (package:flutter/src/rendering/flex.dart:1255:6)
#2      RenderObject.layout (package:flutter/src/rendering/object.dart:2775:7)
#3      RenderPadding.performLayout (package:flutter/src/rendering/shifted_box.dart:243:12)
#4      RenderObject.layout (package:flutter/src/rendering/object.dart:2775:7)
#5      RenderProxyBoxMixin.performLayout (package:flutter/src/rendering/proxy_box.dart:115:18)
#6      RenderObject.layout (package:flutter/src/rendering/object.dart:2775:7)
#7      RenderProxyBoxMixin.performLayout (package:flutter/src/rendering/proxy_box.dart:115:18)
#8      RenderObject.layout (package:flutter/src/rendering/object.dart:2775:7)
#9      RenderProxyBoxMixin.performLayout (package:flutter/src/rendering/proxy_box.dart:115:18)
#10     RenderObject.layout (package:flutter/src/rendering/object.dart:2775:7)
#11     RenderProxyBoxMixin.performLayout (package:flutter/src/rendering/proxy_box.dart:115:18)
#12     RenderObject.layout (package:flutter/src/rendering/object.dart:2775:7)
#13     RenderProxyBoxMixin.performLayout (package:flutter/src/rendering/proxy_box.dart:115:18)
#14     RenderObject.layout (package:flutter/src/rendering/object.dart:2775:7)
#15     RenderProxyBoxMixin.performLayout (package:flutter/src/rendering/proxy_box.dart:115:18)
#16     RenderObject.layout (package:flutter/src/rendering/object.dart:2775:7)
#17     RenderProxyBoxMixin.performLayout (package:flutter/src/rendering/proxy_box.dart:115:18)
#18     RenderCustomPaint.performLayout (package:flutter/src/rendering/custom_paint.dart:574:11)
#19     RenderObject.layout (package:flutter/src/rendering/object.dart:2775:7)
#20     RenderProxyBoxMixin.performLayout (package:flutter/src/rendering/proxy_box.dart:115:18)
#21     _RenderCustomClip.performLayout (package:flutter/src/rendering/proxy_box.dart:1481:11)
#22     RenderObject.layout (package:flutter/src/rendering/object.dart:2775:7)
#23     RenderPadding.performLayout (package:flutter/src/rendering/shifted_box.dart:243:12)
#24     RenderObject.layout (package:flutter/src/rendering/object.dart:2775:7)
#25     RenderProxyBoxMixin.performLayout (package:flutter/src/rendering/proxy_box.dart:115:18)
#26     RenderObject.layout (package:flutter/src/rendering/object.dart:2775:7)
#27     ChildLayoutHelper.layoutChild (package:flutter/src/rendering/layout_helper.dart:62:11)
#28     RenderFlex._computeSizes (package:flutter/src/rendering/flex.dart:1203:26)
#29     RenderFlex.performLayout (package:flutter/src/rendering/flex.dart:1257:32)
#30     RenderObject.layout (package:flutter/src/rendering/object.dart:2775:7)
#31     ChildLayoutHelper.layoutChild (package:flutter/src/rendering/layout_helper.dart:62:11)
#32     RenderFlex._computeSizes (package:flutter/src/rendering/flex.dart:1161:28)
#33     RenderFlex.performLayout (package:flutter/src/rendering/flex.dart:1257:32)
#34     RenderObject.layout (package:flutter/src/rendering/object.dart:2775:7)
#35     RenderSliverToBoxAdapter.performLayout (package:flutter/src/rendering/sliver.dart:2046:12)
#36     RenderObject.layout (package:flutter/src/rendering/object.dart:2775:7)
#37     RenderSliverEdgeInsetsPadding.performLayout (package:flutter/src/rendering/sliver_padding.dart:133:12)
#38     RenderSliverPadding.performLayout (package:flutter/src/rendering/sliver_padding.dart:371:11)
#39     RenderObject.layout (package:flutter/src/rendering/object.dart:2775:7)
#40     RenderViewportBase.layoutChildSequence (package:flutter/src/rendering/viewport.dart:673:13)
#41     RenderViewport._attemptLayout (package:flutter/src/rendering/viewport.dart:1684:12)
#42     RenderViewport.performLayout (package:flutter/src/rendering/viewport.dart:1575:20)
#43     RenderObject._layoutWithoutResize (package:flutter/src/rendering/object.dart:2623:7)
#44     PipelineOwner.flushLayout (package:flutter/src/rendering/object.dart:1170:18)
#45     PipelineOwner.flushLayout (package:flutter/src/rendering/object.dart:1183:15)
#46     AutomatedTestWidgetsFlutterBinding.drawFrame (package:flutter_test/src/binding.dart:1508:27)
#47     RendererBinding._handlePersistentFrameCallback (package:flutter/src/rendering/binding.dart:495:5)
#48     SchedulerBinding._invokeFrameCallback (package:flutter/src/scheduler/binding.dart:1434:15)
#49     SchedulerBinding.handleDrawFrame (package:flutter/src/scheduler/binding.dart:1347:9)
#50     AutomatedTestWidgetsFlutterBinding.pump.<anonymous closure> (package:flutter_test/src/binding.dart:1335:9)
#53     TestAsyncUtils.guard (package:flutter_test/src/test_async_utils.dart:74:41)
#54     AutomatedTestWidgetsFlutterBinding.pump (package:flutter_test/src/binding.dart:1324:27)
#55     WidgetTester.pump.<anonymous closure> (package:flutter_test/src/widget_tester.dart:652:53)
#58     TestAsyncUtils.guard (package:flutter_test/src/test_async_utils.dart:74:41)
#59     WidgetTester.pump (package:flutter_test/src/widget_tester.dart:652:27)
#60     main.<anonymous closure> (file:///C:/Users/Shresth/Desktop/Projects/i-c-m-s/test/widget_test.dart:37:18)
<asynchronous suspension>
#61     testWidgets.<anonymous closure>.<anonymous closure> (package:flutter_test/src/widget_tester.dart:192:15)
<asynchronous suspension>
#62     TestWidgetsFlutterBinding._runTestBody (package:flutter_test/src/binding.dart:1059:5)
<asynchronous suspension>
<asynchronous suspension>
(elided 5 frames from dart:async and package:stack_trace)

The following RenderObject was being processed when the exception was fired: RenderFlex#bd964 relayoutBoundary=up16 NEEDS-PAINT NEEDS-COMPOSITING-BITS-UPDATE:
  creator: Column ΓåÉ Padding ΓåÉ Listener ΓåÉ RawGestureDetector ΓåÉ GestureDetector ΓåÉ Semantics ΓåÉ
    DefaultSelectionStyle ΓåÉ Builder ΓåÉ MouseRegion ΓåÉ Semantics ΓåÉ _FocusInheritedScope ΓåÉ Focus ΓåÉ Γï»
  parentData: offset=Offset(20.0, 20.0) (can use size)
  constraints: BoxConstraints(w=328.0, 0.0<=h<=Infinity)
  size: MISSING
  direction: vertical
  mainAxisAlignment: start
  mainAxisSize: max
  crossAxisAlignment: start
  textDirection: ltr
  verticalDirection: down
  spacing: 0.0
This RenderObject had the following descendants (showing up to depth 5):
    child 1: RenderFlex#3a4d0 NEEDS-LAYOUT NEEDS-PAINT NEEDS-COMPOSITING-BITS-UPDATE
      child 1: RenderSemanticsAnnotations#654b6 NEEDS-LAYOUT NEEDS-PAINT NEEDS-COMPOSITING-BITS-UPDATE
        child: RenderExcludeSemantics#6af6e NEEDS-LAYOUT NEEDS-PAINT NEEDS-COMPOSITING-BITS-UPDATE
          child: RenderConstrainedBox#46669 NEEDS-LAYOUT NEEDS-PAINT NEEDS-COMPOSITING-BITS-UPDATE
            child: RenderPositionedBox#dd39f NEEDS-LAYOUT NEEDS-PAINT NEEDS-COMPOSITING-BITS-UPDATE
    child 2: RenderConstrainedBox#7f5a3 NEEDS-LAYOUT NEEDS-PAINT
    child 3: RenderParagraph#ca7b7 NEEDS-LAYOUT NEEDS-PAINT
      text: TextSpan
    child 4: RenderConstrainedBox#b97c3 NEEDS-LAYOUT NEEDS-PAINT
    child 5: RenderParagraph#10fd7 NEEDS-LAYOUT NEEDS-PAINT
      text: TextSpan
ΓòÉΓòÉΓòÉΓòÉΓòÉΓòÉΓòÉΓòÉΓòÉΓòÉΓòÉΓòÉΓòÉΓòÉΓòÉΓòÉΓòÉΓòÉΓòÉΓòÉΓòÉΓòÉΓòÉΓòÉΓòÉΓòÉΓòÉΓòÉΓòÉΓòÉΓòÉΓòÉΓòÉΓòÉΓòÉΓòÉΓòÉΓòÉΓòÉΓòÉΓòÉΓòÉΓòÉΓòÉΓòÉΓòÉΓòÉΓòÉΓòÉΓòÉΓòÉΓòÉΓòÉΓòÉΓòÉΓòÉΓòÉΓòÉΓòÉΓòÉΓòÉΓòÉΓòÉΓòÉΓòÉΓòÉΓòÉΓòÉΓòÉΓòÉΓòÉΓòÉΓòÉΓòÉΓòÉΓòÉΓòÉΓòÉΓòÉΓòÉΓòÉΓòÉΓòÉΓòÉΓòÉΓòÉΓòÉΓòÉΓòÉΓòÉΓòÉΓòÉΓòÉΓòÉΓòÉΓòÉΓòÉΓòÉΓòÉΓòÉ
ΓòÉΓòÉΓòí EXCEPTION CAUGHT BY RENDERING LIBRARY Γò₧ΓòÉΓòÉΓòÉΓòÉΓòÉΓòÉΓòÉΓòÉΓòÉΓòÉΓòÉΓòÉΓòÉΓòÉΓòÉΓòÉΓòÉΓòÉΓòÉΓòÉΓòÉΓòÉΓòÉΓòÉΓòÉΓòÉΓòÉΓòÉΓòÉΓòÉΓòÉΓòÉΓòÉΓòÉΓòÉΓòÉΓòÉΓòÉΓòÉΓòÉΓòÉΓòÉΓòÉΓòÉΓòÉΓòÉΓòÉΓòÉΓòÉΓòÉΓòÉΓòÉΓòÉΓòÉΓòÉΓòÉΓòÉ
The following assertion was thrown during performLayout():
RenderBox was not laid out: RenderFlex#bd964 relayoutBoundary=up16 NEEDS-PAINT
NEEDS-COMPOSITING-BITS-UPDATE
'package:flutter/src/rendering/box.dart':
Failed assertion: line 2251 pos 12: 'hasSize'

Either the assertion indicates an error in the framework itself, or we should provide substantially
more information in this error message to help you determine and fix the underlying cause.
In either case, please report this assertion by filing a bug on GitHub:
  https://github.com/flutter/flutter/issues/new?template=02_bug.yml

The relevant error-causing widget was:
  Padding
  Padding:file:///C:/Users/Shresth/Desktop/Projects/i-c-m-s/lib/features/dashboard/presentation/widgets/summary_stat_card.dart:28:16

When the exception was thrown, this was the stack:
#2      RenderBox.size (package:flutter/src/rendering/box.dart:2251:12)
#3      RenderPadding.performLayout (package:flutter/src/rendering/shifted_box.dart:247:40)
#4      RenderObject.layout (package:flutter/src/rendering/object.dart:2775:7)
#5      RenderProxyBoxMixin.performLayout (package:flutter/src/rendering/proxy_box.dart:115:18)
#6      RenderObject.layout (package:flutter/src/rendering/object.dart:2775:7)
#7      RenderProxyBoxMixin.performLayout (package:flutter/src/rendering/proxy_box.dart:115:18)
#8      RenderObject.layout (package:flutter/src/rendering/object.dart:2775:7)
#9      RenderProxyBoxMixin.performLayout (package:flutter/src/rendering/proxy_box.dart:115:18)
#10     RenderObject.layout (package:flutter/src/rendering/object.dart:2775:7)
#11     RenderProxyBoxMixin.performLayout (package:flutter/src/rendering/proxy_box.dart:115:18)
#12     RenderObject.layout (package:flutter/src/rendering/object.dart:2775:7)
#13     RenderProxyBoxMixin.performLayout (package:flutter/src/rendering/proxy_box.dart:115:18)
#14     RenderObject.layout (package:flutter/src/rendering/object.dart:2775:7)
#15     RenderProxyBoxMixin.performLayout (package:flutter/src/rendering/proxy_box.dart:115:18)
#16     RenderObject.layout (package:flutter/src/rendering/object.dart:2775:7)
#17     RenderProxyBoxMixin.performLayout (package:flutter/src/rendering/proxy_box.dart:115:18)
#18     RenderCustomPaint.performLayout (package:flutter/src/rendering/custom_paint.dart:574:11)
#19     RenderObject.layout (package:flutter/src/rendering/object.dart:2775:7)
#20     RenderProxyBoxMixin.performLayout (package:flutter/src/rendering/proxy_box.dart:115:18)
#21     _RenderCustomClip.performLayout (package:flutter/src/rendering/proxy_box.dart:1481:11)
#22     RenderObject.layout (package:flutter/src/rendering/object.dart:2775:7)
#23     RenderPadding.performLayout (package:flutter/src/rendering/shifted_box.dart:243:12)
#24     RenderObject.layout (package:flutter/src/rendering/object.dart:2775:7)
#25     RenderProxyBoxMixin.performLayout (package:flutter/src/rendering/proxy_box.dart:115:18)
#26     RenderObject.layout (package:flutter/src/rendering/object.dart:2775:7)
#27     ChildLayoutHelper.layoutChild (package:flutter/src/rendering/layout_helper.dart:62:11)
#28     RenderFlex._computeSizes (package:flutter/src/rendering/flex.dart:1203:26)
#29     RenderFlex.performLayout (package:flutter/src/rendering/flex.dart:1257:32)
#30     RenderObject.layout (package:flutter/src/rendering/object.dart:2775:7)
#31     ChildLayoutHelper.layoutChild (package:flutter/src/rendering/layout_helper.dart:62:11)
#32     RenderFlex._computeSizes (package:flutter/src/rendering/flex.dart:1161:28)
#33     RenderFlex.performLayout (package:flutter/src/rendering/flex.dart:1257:32)
#34     RenderObject.layout (package:flutter/src/rendering/object.dart:2775:7)
#35     RenderSliverToBoxAdapter.performLayout (package:flutter/src/rendering/sliver.dart:2046:12)
#36     RenderObject.layout (package:flutter/src/rendering/object.dart:2775:7)
#37     RenderSliverEdgeInsetsPadding.performLayout (package:flutter/src/rendering/sliver_padding.dart:133:12)
#38     RenderSliverPadding.performLayout (package:flutter/src/rendering/sliver_padding.dart:371:11)
#39     RenderObject.layout (package:flutter/src/rendering/object.dart:2775:7)
#40     RenderViewportBase.layoutChildSequence (package:flutter/src/rendering/viewport.dart:673:13)
#41     RenderViewport._attemptLayout (package:flutter/src/rendering/viewport.dart:1684:12)
#42     RenderViewport.performLayout (package:flutter/src/rendering/viewport.dart:1575:20)
#43     RenderObject._layoutWithoutResize (package:flutter/src/rendering/object.dart:2623:7)
#44     PipelineOwner.flushLayout (package:flutter/src/rendering/object.dart:1170:18)
#45     PipelineOwner.flushLayout (package:flutter/src/rendering/object.dart:1183:15)
#46     AutomatedTestWidgetsFlutterBinding.drawFrame (package:flutter_test/src/binding.dart:1508:27)
#47     RendererBinding._handlePersistentFrameCallback (package:flutter/src/rendering/binding.dart:495:5)
#48     SchedulerBinding._invokeFrameCallback (package:flutter/src/scheduler/binding.dart:1434:15)
#49     SchedulerBinding.handleDrawFrame (package:flutter/src/scheduler/binding.dart:1347:9)
#50     AutomatedTestWidgetsFlutterBinding.pump.<anonymous closure> (package:flutter_test/src/binding.dart:1335:9)
#53     TestAsyncUtils.guard (package:flutter_test/src/test_async_utils.dart:74:41)
#54     AutomatedTestWidgetsFlutterBinding.pump (package:flutter_test/src/binding.dart:1324:27)
#55     WidgetTester.pump.<anonymous closure> (package:flutter_test/src/widget_tester.dart:652:53)
#58     TestAsyncUtils.guard (package:flutter_test/src/test_async_utils.dart:74:41)
#59     WidgetTester.pump (package:flutter_test/src/widget_tester.dart:652:27)
#60     main.<anonymous closure> (file:///C:/Users/Shresth/Desktop/Projects/i-c-m-s/test/widget_test.dart:37:18)
<asynchronous suspension>
#61     testWidgets.<anonymous closure>.<anonymous closure> (package:flutter_test/src/widget_tester.dart:192:15)
<asynchronous suspension>
#62     TestWidgetsFlutterBinding._runTestBody (package:flutter_test/src/binding.dart:1059:5)
<asynchronous suspension>
<asynchronous suspension>
(elided 7 frames from class _AssertionError, dart:async, and package:stack_trace)

The following RenderObject was being processed when the exception was fired: RenderPadding#56781 relayoutBoundary=up15 NEEDS-LAYOUT NEEDS-PAINT NEEDS-COMPOSITING-BITS-UPDATE:
  creator: Padding ΓåÉ Listener ΓåÉ RawGestureDetector ΓåÉ GestureDetector ΓåÉ Semantics ΓåÉ
    DefaultSelectionStyle ΓåÉ Builder ΓåÉ MouseRegion ΓåÉ Semantics ΓåÉ _FocusInheritedScope ΓåÉ Focus ΓåÉ
    _ActionsScope ΓåÉ Γï»
  parentData: <none> (can use size)
  constraints: BoxConstraints(w=368.0, 0.0<=h<=Infinity)
  size: MISSING
  padding: EdgeInsets.all(20.0)
  textDirection: ltr
This RenderObject had the following descendants (showing up to depth 5):
    child: RenderFlex#bd964 relayoutBoundary=up16 NEEDS-PAINT NEEDS-COMPOSITING-BITS-UPDATE
      child 1: RenderFlex#3a4d0 NEEDS-LAYOUT NEEDS-PAINT NEEDS-COMPOSITING-BITS-UPDATE
        child 1: RenderSemanticsAnnotations#654b6 NEEDS-LAYOUT NEEDS-PAINT NEEDS-COMPOSITING-BITS-UPDATE
          child: RenderExcludeSemantics#6af6e NEEDS-LAYOUT NEEDS-PAINT NEEDS-COMPOSITING-BITS-UPDATE
            child: RenderConstrainedBox#46669 NEEDS-LAYOUT NEEDS-PAINT NEEDS-COMPOSITING-BITS-UPDATE
      child 2: RenderConstrainedBox#7f5a3 NEEDS-LAYOUT NEEDS-PAINT
      child 3: RenderParagraph#ca7b7 NEEDS-LAYOUT NEEDS-PAINT
        text: TextSpan
      child 4: RenderConstrainedBox#b97c3 NEEDS-LAYOUT NEEDS-PAINT
      child 5: RenderParagraph#10fd7 NEEDS-LAYOUT NEEDS-PAINT
        text: TextSpan
ΓòÉΓòÉΓòÉΓòÉΓòÉΓòÉΓòÉΓòÉΓòÉΓòÉΓòÉΓòÉΓòÉΓòÉΓòÉΓòÉΓòÉΓòÉΓòÉΓòÉΓòÉΓòÉΓòÉΓòÉΓòÉΓòÉΓòÉΓòÉΓòÉΓòÉΓòÉΓòÉΓòÉΓòÉΓòÉΓòÉΓòÉΓòÉΓòÉΓòÉΓòÉΓòÉΓòÉΓòÉΓòÉΓòÉΓòÉΓòÉΓòÉΓòÉΓòÉΓòÉΓòÉΓòÉΓòÉΓòÉΓòÉΓòÉΓòÉΓòÉΓòÉΓòÉΓòÉΓòÉΓòÉΓòÉΓòÉΓòÉΓòÉΓòÉΓòÉΓòÉΓòÉΓòÉΓòÉΓòÉΓòÉΓòÉΓòÉΓòÉΓòÉΓòÉΓòÉΓòÉΓòÉΓòÉΓòÉΓòÉΓòÉΓòÉΓòÉΓòÉΓòÉΓòÉΓòÉΓòÉΓòÉΓòÉΓòÉΓòÉ
ΓòÉΓòÉΓòí EXCEPTION CAUGHT BY RENDERING LIBRARY Γò₧ΓòÉΓòÉΓòÉΓòÉΓòÉΓòÉΓòÉΓòÉΓòÉΓòÉΓòÉΓòÉΓòÉΓòÉΓòÉΓòÉΓòÉΓòÉΓòÉΓòÉΓòÉΓòÉΓòÉΓòÉΓòÉΓòÉΓòÉΓòÉΓòÉΓòÉΓòÉΓòÉΓòÉΓòÉΓòÉΓòÉΓòÉΓòÉΓòÉΓòÉΓòÉΓòÉΓòÉΓòÉΓòÉΓòÉΓòÉΓòÉΓòÉΓòÉΓòÉΓòÉΓòÉΓòÉΓòÉΓòÉΓòÉ
The following assertion was thrown during performLayout():
RenderBox was not laid out: RenderPadding#56781 relayoutBoundary=up15 NEEDS-PAINT
NEEDS-COMPOSITING-BITS-UPDATE
'package:flutter/src/rendering/box.dart':
Failed assertion: line 2251 pos 12: 'hasSize'

Either the assertion indicates an error in the framework itself, or we should provide substantially
more information in this error message to help you determine and fix the underlying cause.
In either case, please report this assertion by filing a bug on GitHub:
  https://github.com/flutter/flutter/issues/new?template=02_bug.yml

The relevant error-causing widget was:
  InkWell
  InkWell:file:///C:/Users/Shresth/Desktop/Projects/i-c-m-s/lib/features/dashboard/presentation/widgets/summary_stat_card.dart:25:14

When the exception was thrown, this was the stack:
#2      RenderBox.size (package:flutter/src/rendering/box.dart:2251:12)
#3      RenderProxyBoxMixin.performLayout (package:flutter/src/rendering/proxy_box.dart:115:62)
#4      RenderObject.layout (package:flutter/src/rendering/object.dart:2775:7)
#5      RenderProxyBoxMixin.performLayout (package:flutter/src/rendering/proxy_box.dart:115:18)
#6      RenderObject.layout (package:flutter/src/rendering/object.dart:2775:7)
#7      RenderProxyBoxMixin.performLayout (package:flutter/src/rendering/proxy_box.dart:115:18)
#8      RenderObject.layout (package:flutter/src/rendering/object.dart:2775:7)
#9      RenderProxyBoxMixin.performLayout (package:flutter/src/rendering/proxy_box.dart:115:18)
#10     RenderObject.layout (package:flutter/src/rendering/object.dart:2775:7)
#11     RenderProxyBoxMixin.performLayout (package:flutter/src/rendering/proxy_box.dart:115:18)
#12     RenderObject.layout (package:flutter/src/rendering/object.dart:2775:7)
#13     RenderProxyBoxMixin.performLayout (package:flutter/src/rendering/proxy_box.dart:115:18)
#14     RenderObject.layout (package:flutter/src/rendering/object.dart:2775:7)
#15     RenderProxyBoxMixin.performLayout (package:flutter/src/rendering/proxy_box.dart:115:18)
#16     RenderCustomPaint.performLayout (package:flutter/src/rendering/custom_paint.dart:574:11)
#17     RenderObject.layout (package:flutter/src/rendering/object.dart:2775:7)
#18     RenderProxyBoxMixin.performLayout (package:flutter/src/rendering/proxy_box.dart:115:18)
#19     _RenderCustomClip.performLayout (package:flutter/src/rendering/proxy_box.dart:1481:11)
#20     RenderObject.layout (package:flutter/src/rendering/object.dart:2775:7)
#21     RenderPadding.performLayout (package:flutter/src/rendering/shifted_box.dart:243:12)
#22     RenderObject.layout (package:flutter/src/rendering/object.dart:2775:7)
#23     RenderProxyBoxMixin.performLayout (package:flutter/src/rendering/proxy_box.dart:115:18)
#24     RenderObject.layout (package:flutter/src/rendering/object.dart:2775:7)
#25     ChildLayoutHelper.layoutChild (package:flutter/src/rendering/layout_helper.dart:62:11)
#26     RenderFlex._computeSizes (package:flutter/src/rendering/flex.dart:1203:26)
#27     RenderFlex.performLayout (package:flutter/src/rendering/flex.dart:1257:32)
#28     RenderObject.layout (package:flutter/src/rendering/object.dart:2775:7)
#29     ChildLayoutHelper.layoutChild (package:flutter/src/rendering/layout_helper.dart:62:11)
#30     RenderFlex._computeSizes (package:flutter/src/rendering/flex.dart:1161:28)
#31     RenderFlex.performLayout (package:flutter/src/rendering/flex.dart:1257:32)
#32     RenderObject.layout (package:flutter/src/rendering/object.dart:2775:7)
#33     RenderSliverToBoxAdapter.performLayout (package:flutter/src/rendering/sliver.dart:2046:12)
#34     RenderObject.layout (package:flutter/src/rendering/object.dart:2775:7)
#35     RenderSliverEdgeInsetsPadding.performLayout (package:flutter/src/rendering/sliver_padding.dart:133:12)
#36     RenderSliverPadding.performLayout (package:flutter/src/rendering/sliver_padding.dart:371:11)
#37     RenderObject.layout (package:flutter/src/rendering/object.dart:2775:7)
#38     RenderViewportBase.layoutChildSequence (package:flutter/src/rendering/viewport.dart:673:13)
#39     RenderViewport._attemptLayout (package:flutter/src/rendering/viewport.dart:1684:12)
#40     RenderViewport.performLayout (package:flutter/src/rendering/viewport.dart:1575:20)
#41     RenderObject._layoutWithoutResize (package:flutter/src/rendering/object.dart:2623:7)
#42     PipelineOwner.flushLayout (package:flutter/src/rendering/object.dart:1170:18)
#43     PipelineOwner.flushLayout (package:flutter/src/rendering/object.dart:1183:15)
#44     AutomatedTestWidgetsFlutterBinding.drawFrame (package:flutter_test/src/binding.dart:1508:27)
#45     RendererBinding._handlePersistentFrameCallback (package:flutter/src/rendering/binding.dart:495:5)
#46     SchedulerBinding._invokeFrameCallback (package:flutter/src/scheduler/binding.dart:1434:15)
#47     SchedulerBinding.handleDrawFrame (package:flutter/src/scheduler/binding.dart:1347:9)
#48     AutomatedTestWidgetsFlutterBinding.pump.<anonymous closure> (package:flutter_test/src/binding.dart:1335:9)
#51     TestAsyncUtils.guard (package:flutter_test/src/test_async_utils.dart:74:41)
#52     AutomatedTestWidgetsFlutterBinding.pump (package:flutter_test/src/binding.dart:1324:27)
#53     WidgetTester.pump.<anonymous closure> (package:flutter_test/src/widget_tester.dart:652:53)
#56     TestAsyncUtils.guard (package:flutter_test/src/test_async_utils.dart:74:41)
#57     WidgetTester.pump (package:flutter_test/src/widget_tester.dart:652:27)
#58     main.<anonymous closure> (file:///C:/Users/Shresth/Desktop/Projects/i-c-m-s/test/widget_test.dart:37:18)
<asynchronous suspension>
#59     testWidgets.<anonymous closure>.<anonymous closure> (package:flutter_test/src/widget_tester.dart:192:15)
<asynchronous suspension>
#60     TestWidgetsFlutterBinding._runTestBody (package:flutter_test/src/binding.dart:1059:5)
<asynchronous suspension>
<asynchronous suspension>
(elided 7 frames from class _AssertionError, dart:async, and package:stack_trace)

The following RenderObject was being processed when the exception was fired: RenderPointerListener#a8c70 relayoutBoundary=up14 NEEDS-LAYOUT NEEDS-PAINT NEEDS-COMPOSITING-BITS-UPDATE:
  creator: Listener ΓåÉ RawGestureDetector ΓåÉ GestureDetector ΓåÉ Semantics ΓåÉ DefaultSelectionStyle ΓåÉ
    Builder ΓåÉ MouseRegion ΓåÉ Semantics ΓåÉ _FocusInheritedScope ΓåÉ Focus ΓåÉ _ActionsScope ΓåÉ Actions ΓåÉ Γï»
  parentData: <none> (can use size)
  constraints: BoxConstraints(w=368.0, 0.0<=h<=Infinity)
  size: MISSING
  behavior: opaque
  listeners: down, panZoomStart
This RenderObject had the following descendants (showing up to depth 5):
    child: RenderPadding#56781 relayoutBoundary=up15 NEEDS-PAINT NEEDS-COMPOSITING-BITS-UPDATE
      child: RenderFlex#bd964 relayoutBoundary=up16 NEEDS-PAINT NEEDS-COMPOSITING-BITS-UPDATE
        child 1: RenderFlex#3a4d0 NEEDS-LAYOUT NEEDS-PAINT NEEDS-COMPOSITING-BITS-UPDATE
          child 1: RenderSemanticsAnnotations#654b6 NEEDS-LAYOUT NEEDS-PAINT NEEDS-COMPOSITING-BITS-UPDATE
            child: RenderExcludeSemantics#6af6e NEEDS-LAYOUT NEEDS-PAINT NEEDS-COMPOSITING-BITS-UPDATE
        child 2: RenderConstrainedBox#7f5a3 NEEDS-LAYOUT NEEDS-PAINT
        child 3: RenderParagraph#ca7b7 NEEDS-LAYOUT NEEDS-PAINT
          text: TextSpan
        child 4: RenderConstrainedBox#b97c3 NEEDS-LAYOUT NEEDS-PAINT
        child 5: RenderParagraph#10fd7 NEEDS-LAYOUT NEEDS-PAINT
          text: TextSpan
ΓòÉΓòÉΓòÉΓòÉΓòÉΓòÉΓòÉΓòÉΓòÉΓòÉΓòÉΓòÉΓòÉΓòÉΓòÉΓòÉΓòÉΓòÉΓòÉΓòÉΓòÉΓòÉΓòÉΓòÉΓòÉΓòÉΓòÉΓòÉΓòÉΓòÉΓòÉΓòÉΓòÉΓòÉΓòÉΓòÉΓòÉΓòÉΓòÉΓòÉΓòÉΓòÉΓòÉΓòÉΓòÉΓòÉΓòÉΓòÉΓòÉΓòÉΓòÉΓòÉΓòÉΓòÉΓòÉΓòÉΓòÉΓòÉΓòÉΓòÉΓòÉΓòÉΓòÉΓòÉΓòÉΓòÉΓòÉΓòÉΓòÉΓòÉΓòÉΓòÉΓòÉΓòÉΓòÉΓòÉΓòÉΓòÉΓòÉΓòÉΓòÉΓòÉΓòÉΓòÉΓòÉΓòÉΓòÉΓòÉΓòÉΓòÉΓòÉΓòÉΓòÉΓòÉΓòÉΓòÉΓòÉΓòÉΓòÉΓòÉ
ΓòÉΓòÉΓòí EXCEPTION CAUGHT BY RENDERING LIBRARY Γò₧ΓòÉΓòÉΓòÉΓòÉΓòÉΓòÉΓòÉΓòÉΓòÉΓòÉΓòÉΓòÉΓòÉΓòÉΓòÉΓòÉΓòÉΓòÉΓòÉΓòÉΓòÉΓòÉΓòÉΓòÉΓòÉΓòÉΓòÉΓòÉΓòÉΓòÉΓòÉΓòÉΓòÉΓòÉΓòÉΓòÉΓòÉΓòÉΓòÉΓòÉΓòÉΓòÉΓòÉΓòÉΓòÉΓòÉΓòÉΓòÉΓòÉΓòÉΓòÉΓòÉΓòÉΓòÉΓòÉΓòÉΓòÉ
The following assertion was thrown during performLayout():
RenderBox was not laid out: RenderPointerListener#a8c70 relayoutBoundary=up14 NEEDS-PAINT
NEEDS-COMPOSITING-BITS-UPDATE
'package:flutter/src/rendering/box.dart':
Failed assertion: line 2251 pos 12: 'hasSize'

Either the assertion indicates an error in the framework itself, or we should provide substantially
more information in this error message to help you determine and fix the underlying cause.
In either case, please report this assertion by filing a bug on GitHub:
  https://github.com/flutter/flutter/issues/new?template=02_bug.yml

The relevant error-causing widget was:
  InkWell
  InkWell:file:///C:/Users/Shresth/Desktop/Projects/i-c-m-s/lib/features/dashboard/presentation/widgets/summary_stat_card.dart:25:14

When the exception was thrown, this was the stack:
#2      RenderBox.size (package:flutter/src/rendering/box.dart:2251:12)
#3      RenderProxyBoxMixin.performLayout (package:flutter/src/rendering/proxy_box.dart:115:62)
#4      RenderObject.layout (package:flutter/src/rendering/object.dart:2775:7)
#5      RenderProxyBoxMixin.performLayout (package:flutter/src/rendering/proxy_box.dart:115:18)
#6      RenderObject.layout (package:flutter/src/rendering/object.dart:2775:7)
#7      RenderProxyBoxMixin.performLayout (package:flutter/src/rendering/proxy_box.dart:115:18)
#8      RenderObject.layout (package:flutter/src/rendering/object.dart:2775:7)
#9      RenderProxyBoxMixin.performLayout (package:flutter/src/rendering/proxy_box.dart:115:18)
#10     RenderObject.layout (package:flutter/src/rendering/object.dart:2775:7)
#11     RenderProxyBoxMixin.performLayout (package:flutter/src/rendering/proxy_box.dart:115:18)
#12     RenderObject.layout (package:flutter/src/rendering/object.dart:2775:7)
#13     RenderProxyBoxMixin.performLayout (package:flutter/src/rendering/proxy_box.dart:115:18)
#14     RenderCustomPaint.performLayout (package:flutter/src/rendering/custom_paint.dart:574:11)
#15     RenderObject.layout (package:flutter/src/rendering/object.dart:2775:7)
#16     RenderProxyBoxMixin.performLayout (package:flutter/src/rendering/proxy_box.dart:115:18)
#17     _RenderCustomClip.performLayout (package:flutter/src/rendering/proxy_box.dart:1481:11)
#18     RenderObject.layout (package:flutter/src/rendering/object.dart:2775:7)
#19     RenderPadding.performLayout (package:flutter/src/rendering/shifted_box.dart:243:12)
#20     RenderObject.layout (package:flutter/src/rendering/object.dart:2775:7)
#21     RenderProxyBoxMixin.performLayout (package:flutter/src/rendering/proxy_box.dart:115:18)
#22     RenderObject.layout (package:flutter/src/rendering/object.dart:2775:7)
#23     ChildLayoutHelper.layoutChild (package:flutter/src/rendering/layout_helper.dart:62:11)
#24     RenderFlex._computeSizes (package:flutter/src/rendering/flex.dart:1203:26)
#25     RenderFlex.performLayout (package:flutter/src/rendering/flex.dart:1257:32)
#26     RenderObject.layout (package:flutter/src/rendering/object.dart:2775:7)
#27     ChildLayoutHelper.layoutChild (package:flutter/src/rendering/layout_helper.dart:62:11)
#28     RenderFlex._computeSizes (package:flutter/src/rendering/flex.dart:1161:28)
#29     RenderFlex.performLayout (package:flutter/src/rendering/flex.dart:1257:32)
#30     RenderObject.layout (package:flutter/src/rendering/object.dart:2775:7)
#31     RenderSliverToBoxAdapter.performLayout (package:flutter/src/rendering/sliver.dart:2046:12)
#32     RenderObject.layout (package:flutter/src/rendering/object.dart:2775:7)
#33     RenderSliverEdgeInsetsPadding.performLayout (package:flutter/src/rendering/sliver_padding.dart:133:12)
#34     RenderSliverPadding.performLayout (package:flutter/src/rendering/sliver_padding.dart:371:11)
#35     RenderObject.layout (package:flutter/src/rendering/object.dart:2775:7)
#36     RenderViewportBase.layoutChildSequence (package:flutter/src/rendering/viewport.dart:673:13)
#37     RenderViewport._attemptLayout (package:flutter/src/rendering/viewport.dart:1684:12)
#38     RenderViewport.performLayout (package:flutter/src/rendering/viewport.dart:1575:20)
#39     RenderObject._layoutWithoutResize (package:flutter/src/rendering/object.dart:2623:7)
#40     PipelineOwner.flushLayout (package:flutter/src/rendering/object.dart:1170:18)
#41     PipelineOwner.flushLayout (package:flutter/src/rendering/object.dart:1183:15)
#42     AutomatedTestWidgetsFlutterBinding.drawFrame (package:flutter_test/src/binding.dart:1508:27)
#43     RendererBinding._handlePersistentFrameCallback (package:flutter/src/rendering/binding.dart:495:5)
#44     SchedulerBinding._invokeFrameCallback (package:flutter/src/scheduler/binding.dart:1434:15)
#45     SchedulerBinding.handleDrawFrame (package:flutter/src/scheduler/binding.dart:1347:9)
#46     AutomatedTestWidgetsFlutterBinding.pump.<anonymous closure> (package:flutter_test/src/binding.dart:1335:9)
#49     TestAsyncUtils.guard (package:flutter_test/src/test_async_utils.dart:74:41)
#50     AutomatedTestWidgetsFlutterBinding.pump (package:flutter_test/src/binding.dart:1324:27)
#51     WidgetTester.pump.<anonymous closure> (package:flutter_test/src/widget_tester.dart:652:53)
#54     TestAsyncUtils.guard (package:flutter_test/src/test_async_utils.dart:74:41)
#55     WidgetTester.pump (package:flutter_test/src/widget_tester.dart:652:27)
#56     main.<anonymous closure> (file:///C:/Users/Shresth/Desktop/Projects/i-c-m-s/test/widget_test.dart:37:18)
<asynchronous suspension>
#57     testWidgets.<anonymous closure>.<anonymous closure> (package:flutter_test/src/widget_tester.dart:192:15)
<asynchronous suspension>
#58     TestWidgetsFlutterBinding._runTestBody (package:flutter_test/src/binding.dart:1059:5)
<asynchronous suspension>
<asynchronous suspension>
(elided 7 frames from class _AssertionError, dart:async, and package:stack_trace)

The following RenderObject was being processed when the exception was fired: RenderSemanticsAnnotations#bf56a relayoutBoundary=up13 NEEDS-LAYOUT NEEDS-PAINT NEEDS-COMPOSITING-BITS-UPDATE:
  creator: Semantics ΓåÉ DefaultSelectionStyle ΓåÉ Builder ΓåÉ MouseRegion ΓåÉ Semantics ΓåÉ
    _FocusInheritedScope ΓåÉ Focus ΓåÉ _ActionsScope ΓåÉ Actions ΓåÉ _ParentInkResponseProvider ΓåÉ
    _InkResponseStateWidget ΓåÉ InkWell ΓåÉ Γï»
  parentData: <none> (can use size)
  constraints: BoxConstraints(w=368.0, 0.0<=h<=Infinity)
  size: MISSING
This RenderObject had the following descendants (showing up to depth 5):
    child: RenderPointerListener#a8c70 relayoutBoundary=up14 NEEDS-PAINT NEEDS-COMPOSITING-BITS-UPDATE
      child: RenderPadding#56781 relayoutBoundary=up15 NEEDS-PAINT NEEDS-COMPOSITING-BITS-UPDATE
        child: RenderFlex#bd964 relayoutBoundary=up16 NEEDS-PAINT NEEDS-COMPOSITING-BITS-UPDATE
          child 1: RenderFlex#3a4d0 NEEDS-LAYOUT NEEDS-PAINT NEEDS-COMPOSITING-BITS-UPDATE
            child 1: RenderSemanticsAnnotations#654b6 NEEDS-LAYOUT NEEDS-PAINT NEEDS-COMPOSITING-BITS-UPDATE
          child 2: RenderConstrainedBox#7f5a3 NEEDS-LAYOUT NEEDS-PAINT
          child 3: RenderParagraph#ca7b7 NEEDS-LAYOUT NEEDS-PAINT
            text: TextSpan
          child 4: RenderConstrainedBox#b97c3 NEEDS-LAYOUT NEEDS-PAINT
          child 5: RenderParagraph#10fd7 NEEDS-LAYOUT NEEDS-PAINT
            text: TextSpan
ΓòÉΓòÉΓòÉΓòÉΓòÉΓòÉΓòÉΓòÉΓòÉΓòÉΓòÉΓòÉΓòÉΓòÉΓòÉΓòÉΓòÉΓòÉΓòÉΓòÉΓòÉΓòÉΓòÉΓòÉΓòÉΓòÉΓòÉΓòÉΓòÉΓòÉΓòÉΓòÉΓòÉΓòÉΓòÉΓòÉΓòÉΓòÉΓòÉΓòÉΓòÉΓòÉΓòÉΓòÉΓòÉΓòÉΓòÉΓòÉΓòÉΓòÉΓòÉΓòÉΓòÉΓòÉΓòÉΓòÉΓòÉΓòÉΓòÉΓòÉΓòÉΓòÉΓòÉΓòÉΓòÉΓòÉΓòÉΓòÉΓòÉΓòÉΓòÉΓòÉΓòÉΓòÉΓòÉΓòÉΓòÉΓòÉΓòÉΓòÉΓòÉΓòÉΓòÉΓòÉΓòÉΓòÉΓòÉΓòÉΓòÉΓòÉΓòÉΓòÉΓòÉΓòÉΓòÉΓòÉΓòÉΓòÉΓòÉΓòÉ
ΓòÉΓòÉΓòí EXCEPTION CAUGHT BY RENDERING LIBRARY Γò₧ΓòÉΓòÉΓòÉΓòÉΓòÉΓòÉΓòÉΓòÉΓòÉΓòÉΓòÉΓòÉΓòÉΓòÉΓòÉΓòÉΓòÉΓòÉΓòÉΓòÉΓòÉΓòÉΓòÉΓòÉΓòÉΓòÉΓòÉΓòÉΓòÉΓòÉΓòÉΓòÉΓòÉΓòÉΓòÉΓòÉΓòÉΓòÉΓòÉΓòÉΓòÉΓòÉΓòÉΓòÉΓòÉΓòÉΓòÉΓòÉΓòÉΓòÉΓòÉΓòÉΓòÉΓòÉΓòÉΓòÉΓòÉ
The following assertion was thrown during performLayout():
RenderBox was not laid out: RenderSemanticsAnnotations#bf56a relayoutBoundary=up13 NEEDS-PAINT
NEEDS-COMPOSITING-BITS-UPDATE
'package:flutter/src/rendering/box.dart':
Failed assertion: line 2251 pos 12: 'hasSize'

Either the assertion indicates an error in the framework itself, or we should provide substantially
more information in this error message to help you determine and fix the underlying cause.
In either case, please report this assertion by filing a bug on GitHub:
  https://github.com/flutter/flutter/issues/new?template=02_bug.yml

The relevant error-causing widget was:
  InkWell
  InkWell:file:///C:/Users/Shresth/Desktop/Projects/i-c-m-s/lib/features/dashboard/presentation/widgets/summary_stat_card.dart:25:14

When the exception was thrown, this was the stack:
#2      RenderBox.size (package:flutter/src/rendering/box.dart:2251:12)
#3      RenderProxyBoxMixin.performLayout (package:flutter/src/rendering/proxy_box.dart:115:62)
#4      RenderObject.layout (package:flutter/src/rendering/object.dart:2775:7)
#5      RenderProxyBoxMixin.performLayout (package:flutter/src/rendering/proxy_box.dart:115:18)
#6      RenderObject.layout (package:flutter/src/rendering/object.dart:2775:7)
#7      RenderProxyBoxMixin.performLayout (package:flutter/src/rendering/proxy_box.dart:115:18)
#8      RenderObject.layout (package:flutter/src/rendering/object.dart:2775:7)
#9      RenderProxyBoxMixin.performLayout (package:flutter/src/rendering/proxy_box.dart:115:18)
#10     RenderObject.layout (package:flutter/src/rendering/object.dart:2775:7)
#11     RenderProxyBoxMixin.performLayout (package:flutter/src/rendering/proxy_box.dart:115:18)
#12     RenderCustomPaint.performLayout (package:flutter/src/rendering/custom_paint.dart:574:11)
#13     RenderObject.layout (package:flutter/src/rendering/object.dart:2775:7)
#14     RenderProxyBoxMixin.performLayout (package:flutter/src/rendering/proxy_box.dart:115:18)
#15     _RenderCustomClip.performLayout (package:flutter/src/rendering/proxy_box.dart:1481:11)
#16     RenderObject.layout (package:flutter/src/rendering/object.dart:2775:7)
#17     RenderPadding.performLayout (package:flutter/src/rendering/shifted_box.dart:243:12)
#18     RenderObject.layout (package:flutter/src/rendering/object.dart:2775:7)
#19     RenderProxyBoxMixin.performLayout (package:flutter/src/rendering/proxy_box.dart:115:18)
#20     RenderObject.layout (package:flutter/src/rendering/object.dart:2775:7)
#21     ChildLayoutHelper.layoutChild (package:flutter/src/rendering/layout_helper.dart:62:11)
#22     RenderFlex._computeSizes (package:flutter/src/rendering/flex.dart:1203:26)
#23     RenderFlex.performLayout (package:flutter/src/rendering/flex.dart:1257:32)
#24     RenderObject.layout (package:flutter/src/rendering/object.dart:2775:7)
#25     ChildLayoutHelper.layoutChild (package:flutter/src/rendering/layout_helper.dart:62:11)
#26     RenderFlex._computeSizes (package:flutter/src/rendering/flex.dart:1161:28)
#27     RenderFlex.performLayout (package:flutter/src/rendering/flex.dart:1257:32)
#28     RenderObject.layout (package:flutter/src/rendering/object.dart:2775:7)
#29     RenderSliverToBoxAdapter.performLayout (package:flutter/src/rendering/sliver.dart:2046:12)
#30     RenderObject.layout (package:flutter/src/rendering/object.dart:2775:7)
#31     RenderSliverEdgeInsetsPadding.performLayout (package:flutter/src/rendering/sliver_padding.dart:133:12)
#32     RenderSliverPadding.performLayout (package:flutter/src/rendering/sliver_padding.dart:371:11)
#33     RenderObject.layout (package:flutter/src/rendering/object.dart:2775:7)
#34     RenderViewportBase.layoutChildSequence (package:flutter/src/rendering/viewport.dart:673:13)
#35     RenderViewport._attemptLayout (package:flutter/src/rendering/viewport.dart:1684:12)
#36     RenderViewport.performLayout (package:flutter/src/rendering/viewport.dart:1575:20)
#37     RenderObject._layoutWithoutResize (package:flutter/src/rendering/object.dart:2623:7)
#38     PipelineOwner.flushLayout (package:flutter/src/rendering/object.dart:1170:18)
#39     PipelineOwner.flushLayout (package:flutter/src/rendering/object.dart:1183:15)
#40     AutomatedTestWidgetsFlutterBinding.drawFrame (package:flutter_test/src/binding.dart:1508:27)
#41     RendererBinding._handlePersistentFrameCallback (package:flutter/src/rendering/binding.dart:495:5)
#42     SchedulerBinding._invokeFrameCallback (package:flutter/src/scheduler/binding.dart:1434:15)
#43     SchedulerBinding.handleDrawFrame (package:flutter/src/scheduler/binding.dart:1347:9)
#44     AutomatedTestWidgetsFlutterBinding.pump.<anonymous closure> (package:flutter_test/src/binding.dart:1335:9)
#47     TestAsyncUtils.guard (package:flutter_test/src/test_async_utils.dart:74:41)
#48     AutomatedTestWidgetsFlutterBinding.pump (package:flutter_test/src/binding.dart:1324:27)
#49     WidgetTester.pump.<anonymous closure> (package:flutter_test/src/widget_tester.dart:652:53)
#52     TestAsyncUtils.guard (package:flutter_test/src/test_async_utils.dart:74:41)
#53     WidgetTester.pump (package:flutter_test/src/widget_tester.dart:652:27)
#54     main.<anonymous closure> (file:///C:/Users/Shresth/Desktop/Projects/i-c-m-s/test/widget_test.dart:37:18)
<asynchronous suspension>
#55     testWidgets.<anonymous closure>.<anonymous closure> (package:flutter_test/src/widget_tester.dart:192:15)
<asynchronous suspension>
#56     TestWidgetsFlutterBinding._runTestBody (package:flutter_test/src/binding.dart:1059:5)
<asynchronous suspension>
<asynchronous suspension>
(elided 7 frames from class _AssertionError, dart:async, and package:stack_trace)

The following RenderObject was being processed when the exception was fired: RenderMouseRegion#4a989 relayoutBoundary=up12 NEEDS-LAYOUT NEEDS-PAINT NEEDS-COMPOSITING-BITS-UPDATE:
  creator: MouseRegion ΓåÉ Semantics ΓåÉ _FocusInheritedScope ΓåÉ Focus ΓåÉ _ActionsScope ΓåÉ Actions ΓåÉ
    _ParentInkResponseProvider ΓåÉ _InkResponseStateWidget ΓåÉ InkWell ΓåÉ Semantics ΓåÉ DefaultTextStyle ΓåÉ
    AnimatedDefaultTextStyle ΓåÉ Γï»
  parentData: <none> (can use size)
  constraints: BoxConstraints(w=368.0, 0.0<=h<=Infinity)
  size: MISSING
  behavior: opaque
  listeners: enter, exit
  cursor: SystemMouseCursor(basic)
This RenderObject had the following descendants (showing up to depth 5):
    child: RenderSemanticsAnnotations#bf56a relayoutBoundary=up13 NEEDS-PAINT NEEDS-COMPOSITING-BITS-UPDATE
      child: RenderPointerListener#a8c70 relayoutBoundary=up14 NEEDS-PAINT NEEDS-COMPOSITING-BITS-UPDATE
        child: RenderPadding#56781 relayoutBoundary=up15 NEEDS-PAINT NEEDS-COMPOSITING-BITS-UPDATE
          child: RenderFlex#bd964 relayoutBoundary=up16 NEEDS-PAINT NEEDS-COMPOSITING-BITS-UPDATE
            child 1: RenderFlex#3a4d0 NEEDS-LAYOUT NEEDS-PAINT NEEDS-COMPOSITING-BITS-UPDATE
            child 2: RenderConstrainedBox#7f5a3 NEEDS-LAYOUT NEEDS-PAINT
            child 3: RenderParagraph#ca7b7 NEEDS-LAYOUT NEEDS-PAINT
            child 4: RenderConstrainedBox#b97c3 NEEDS-LAYOUT NEEDS-PAINT
            child 5: RenderParagraph#10fd7 NEEDS-LAYOUT NEEDS-PAINT
ΓòÉΓòÉΓòÉΓòÉΓòÉΓòÉΓòÉΓòÉΓòÉΓòÉΓòÉΓòÉΓòÉΓòÉΓòÉΓòÉΓòÉΓòÉΓòÉΓòÉΓòÉΓòÉΓòÉΓòÉΓòÉΓòÉΓòÉΓòÉΓòÉΓòÉΓòÉΓòÉΓòÉΓòÉΓòÉΓòÉΓòÉΓòÉΓòÉΓòÉΓòÉΓòÉΓòÉΓòÉΓòÉΓòÉΓòÉΓòÉΓòÉΓòÉΓòÉΓòÉΓòÉΓòÉΓòÉΓòÉΓòÉΓòÉΓòÉΓòÉΓòÉΓòÉΓòÉΓòÉΓòÉΓòÉΓòÉΓòÉΓòÉΓòÉΓòÉΓòÉΓòÉΓòÉΓòÉΓòÉΓòÉΓòÉΓòÉΓòÉΓòÉΓòÉΓòÉΓòÉΓòÉΓòÉΓòÉΓòÉΓòÉΓòÉΓòÉΓòÉΓòÉΓòÉΓòÉΓòÉΓòÉΓòÉΓòÉΓòÉ
ΓòÉΓòÉΓòí EXCEPTION CAUGHT BY RENDERING LIBRARY Γò₧ΓòÉΓòÉΓòÉΓòÉΓòÉΓòÉΓòÉΓòÉΓòÉΓòÉΓòÉΓòÉΓòÉΓòÉΓòÉΓòÉΓòÉΓòÉΓòÉΓòÉΓòÉΓòÉΓòÉΓòÉΓòÉΓòÉΓòÉΓòÉΓòÉΓòÉΓòÉΓòÉΓòÉΓòÉΓòÉΓòÉΓòÉΓòÉΓòÉΓòÉΓòÉΓòÉΓòÉΓòÉΓòÉΓòÉΓòÉΓòÉΓòÉΓòÉΓòÉΓòÉΓòÉΓòÉΓòÉΓòÉΓòÉ
The following assertion was thrown during performLayout():
RenderBox was not laid out: RenderMouseRegion#4a989 relayoutBoundary=up12 NEEDS-PAINT
NEEDS-COMPOSITING-BITS-UPDATE
'package:flutter/src/rendering/box.dart':
Failed assertion: line 2251 pos 12: 'hasSize'

Either the assertion indicates an error in the framework itself, or we should provide substantially
more information in this error message to help you determine and fix the underlying cause.
In either case, please report this assertion by filing a bug on GitHub:
  https://github.com/flutter/flutter/issues/new?template=02_bug.yml

The relevant error-causing widget was:
  InkWell
  InkWell:file:///C:/Users/Shresth/Desktop/Projects/i-c-m-s/lib/features/dashboard/presentation/widgets/summary_stat_card.dart:25:14

When the exception was thrown, this was the stack:
#2      RenderBox.size (package:flutter/src/rendering/box.dart:2251:12)
#3      RenderProxyBoxMixin.performLayout (package:flutter/src/rendering/proxy_box.dart:115:62)
#4      RenderObject.layout (package:flutter/src/rendering/object.dart:2775:7)
#5      RenderProxyBoxMixin.performLayout (package:flutter/src/rendering/proxy_box.dart:115:18)
#6      RenderObject.layout (package:flutter/src/rendering/object.dart:2775:7)
#7      RenderProxyBoxMixin.performLayout (package:flutter/src/rendering/proxy_box.dart:115:18)
#8      RenderObject.layout (package:flutter/src/rendering/object.dart:2775:7)
#9      RenderProxyBoxMixin.performLayout (package:flutter/src/rendering/proxy_box.dart:115:18)
#10     RenderCustomPaint.performLayout (package:flutter/src/rendering/custom_paint.dart:574:11)
#11     RenderObject.layout (package:flutter/src/rendering/object.dart:2775:7)
#12     RenderProxyBoxMixin.performLayout (package:flutter/src/rendering/proxy_box.dart:115:18)
#13     _RenderCustomClip.performLayout (package:flutter/src/rendering/proxy_box.dart:1481:11)
#14     RenderObject.layout (package:flutter/src/rendering/object.dart:2775:7)
#15     RenderPadding.performLayout (package:flutter/src/rendering/shifted_box.dart:243:12)
#16     RenderObject.layout (package:flutter/src/rendering/object.dart:2775:7)
#17     RenderProxyBoxMixin.performLayout (package:flutter/src/rendering/proxy_box.dart:115:18)
#18     RenderObject.layout (package:flutter/src/rendering/object.dart:2775:7)
#19     ChildLayoutHelper.layoutChild (package:flutter/src/rendering/layout_helper.dart:62:11)
#20     RenderFlex._computeSizes (package:flutter/src/rendering/flex.dart:1203:26)
#21     RenderFlex.performLayout (package:flutter/src/rendering/flex.dart:1257:32)
#22     RenderObject.layout (package:flutter/src/rendering/object.dart:2775:7)
#23     ChildLayoutHelper.layoutChild (package:flutter/src/rendering/layout_helper.dart:62:11)
#24     RenderFlex._computeSizes (package:flutter/src/rendering/flex.dart:1161:28)
#25     RenderFlex.performLayout (package:flutter/src/rendering/flex.dart:1257:32)
#26     RenderObject.layout (package:flutter/src/rendering/object.dart:2775:7)
#27     RenderSliverToBoxAdapter.performLayout (package:flutter/src/rendering/sliver.dart:2046:12)
#28     RenderObject.layout (package:flutter/src/rendering/object.dart:2775:7)
#29     RenderSliverEdgeInsetsPadding.performLayout (package:flutter/src/rendering/sliver_padding.dart:133:12)
#30     RenderSliverPadding.performLayout (package:flutter/src/rendering/sliver_padding.dart:371:11)
#31     RenderObject.layout (package:flutter/src/rendering/object.dart:2775:7)
#32     RenderViewportBase.layoutChildSequence (package:flutter/src/rendering/viewport.dart:673:13)
#33     RenderViewport._attemptLayout (package:flutter/src/rendering/viewport.dart:1684:12)
#34     RenderViewport.performLayout (package:flutter/src/rendering/viewport.dart:1575:20)
#35     RenderObject._layoutWithoutResize (package:flutter/src/rendering/object.dart:2623:7)
#36     PipelineOwner.flushLayout (package:flutter/src/rendering/object.dart:1170:18)
#37     PipelineOwner.flushLayout (package:flutter/src/rendering/object.dart:1183:15)
#38     AutomatedTestWidgetsFlutterBinding.drawFrame (package:flutter_test/src/binding.dart:1508:27)
#39     RendererBinding._handlePersistentFrameCallback (package:flutter/src/rendering/binding.dart:495:5)
#40     SchedulerBinding._invokeFrameCallback (package:flutter/src/scheduler/binding.dart:1434:15)
#41     SchedulerBinding.handleDrawFrame (package:flutter/src/scheduler/binding.dart:1347:9)
#42     AutomatedTestWidgetsFlutterBinding.pump.<anonymous closure> (package:flutter_test/src/binding.dart:1335:9)
#45     TestAsyncUtils.guard (package:flutter_test/src/test_async_utils.dart:74:41)
#46     AutomatedTestWidgetsFlutterBinding.pump (package:flutter_test/src/binding.dart:1324:27)
#47     WidgetTester.pump.<anonymous closure> (package:flutter_test/src/widget_tester.dart:652:53)
#50     TestAsyncUtils.guard (package:flutter_test/src/test_async_utils.dart:74:41)
#51     WidgetTester.pump (package:flutter_test/src/widget_tester.dart:652:27)
#52     main.<anonymous closure> (file:///C:/Users/Shresth/Desktop/Projects/i-c-m-s/test/widget_test.dart:37:18)
<asynchronous suspension>
#53     testWidgets.<anonymous closure>.<anonymous closure> (package:flutter_test/src/widget_tester.dart:192:15)
<asynchronous suspension>
#54     TestWidgetsFlutterBinding._runTestBody (package:flutter_test/src/binding.dart:1059:5)
<asynchronous suspension>
<asynchronous suspension>
(elided 7 frames from class _AssertionError, dart:async, and package:stack_trace)

The following RenderObject was being processed when the exception was fired: RenderSemanticsAnnotations#5cd42 relayoutBoundary=up11 NEEDS-LAYOUT NEEDS-PAINT NEEDS-COMPOSITING-BITS-UPDATE:
  creator: Semantics ΓåÉ _FocusInheritedScope ΓåÉ Focus ΓåÉ _ActionsScope ΓåÉ Actions ΓåÉ
    _ParentInkResponseProvider ΓåÉ _InkResponseStateWidget ΓåÉ InkWell ΓåÉ Semantics ΓåÉ DefaultTextStyle ΓåÉ
    AnimatedDefaultTextStyle ΓåÉ _InkFeatures-[GlobalKey#be810 ink renderer] ΓåÉ Γï»
  parentData: <none> (can use size)
  constraints: BoxConstraints(w=368.0, 0.0<=h<=Infinity)
  size: MISSING
This RenderObject had the following descendants (showing up to depth 5):
    child: RenderMouseRegion#4a989 relayoutBoundary=up12 NEEDS-PAINT NEEDS-COMPOSITING-BITS-UPDATE
      child: RenderSemanticsAnnotations#bf56a relayoutBoundary=up13 NEEDS-PAINT NEEDS-COMPOSITING-BITS-UPDATE
        child: RenderPointerListener#a8c70 relayoutBoundary=up14 NEEDS-PAINT NEEDS-COMPOSITING-BITS-UPDATE
          child: RenderPadding#56781 relayoutBoundary=up15 NEEDS-PAINT NEEDS-COMPOSITING-BITS-UPDATE
            child: RenderFlex#bd964 relayoutBoundary=up16 NEEDS-PAINT NEEDS-COMPOSITING-BITS-UPDATE
ΓòÉΓòÉΓòÉΓòÉΓòÉΓòÉΓòÉΓòÉΓòÉΓòÉΓòÉΓòÉΓòÉΓòÉΓòÉΓòÉΓòÉΓòÉΓòÉΓòÉΓòÉΓòÉΓòÉΓòÉΓòÉΓòÉΓòÉΓòÉΓòÉΓòÉΓòÉΓòÉΓòÉΓòÉΓòÉΓòÉΓòÉΓòÉΓòÉΓòÉΓòÉΓòÉΓòÉΓòÉΓòÉΓòÉΓòÉΓòÉΓòÉΓòÉΓòÉΓòÉΓòÉΓòÉΓòÉΓòÉΓòÉΓòÉΓòÉΓòÉΓòÉΓòÉΓòÉΓòÉΓòÉΓòÉΓòÉΓòÉΓòÉΓòÉΓòÉΓòÉΓòÉΓòÉΓòÉΓòÉΓòÉΓòÉΓòÉΓòÉΓòÉΓòÉΓòÉΓòÉΓòÉΓòÉΓòÉΓòÉΓòÉΓòÉΓòÉΓòÉΓòÉΓòÉΓòÉΓòÉΓòÉΓòÉΓòÉΓòÉ
ΓòÉΓòÉΓòí EXCEPTION CAUGHT BY RENDERING LIBRARY Γò₧ΓòÉΓòÉΓòÉΓòÉΓòÉΓòÉΓòÉΓòÉΓòÉΓòÉΓòÉΓòÉΓòÉΓòÉΓòÉΓòÉΓòÉΓòÉΓòÉΓòÉΓòÉΓòÉΓòÉΓòÉΓòÉΓòÉΓòÉΓòÉΓòÉΓòÉΓòÉΓòÉΓòÉΓòÉΓòÉΓòÉΓòÉΓòÉΓòÉΓòÉΓòÉΓòÉΓòÉΓòÉΓòÉΓòÉΓòÉΓòÉΓòÉΓòÉΓòÉΓòÉΓòÉΓòÉΓòÉΓòÉΓòÉ
The following assertion was thrown during performLayout():
RenderBox was not laid out: RenderSemanticsAnnotations#5cd42 relayoutBoundary=up11 NEEDS-PAINT
NEEDS-COMPOSITING-BITS-UPDATE
'package:flutter/src/rendering/box.dart':
Failed assertion: line 2251 pos 12: 'hasSize'

Either the assertion indicates an error in the framework itself, or we should provide substantially
more information in this error message to help you determine and fix the underlying cause.
In either case, please report this assertion by filing a bug on GitHub:
  https://github.com/flutter/flutter/issues/new?template=02_bug.yml

The relevant error-causing widget was:
  Card
  Card:file:///C:/Users/Shresth/Desktop/Projects/i-c-m-s/lib/features/dashboard/presentation/widgets/summary_stat_card.dart:22:12

When the exception was thrown, this was the stack:
#2      RenderBox.size (package:flutter/src/rendering/box.dart:2251:12)
#3      RenderProxyBoxMixin.performLayout (package:flutter/src/rendering/proxy_box.dart:115:62)
#4      RenderObject.layout (package:flutter/src/rendering/object.dart:2775:7)
#5      RenderProxyBoxMixin.performLayout (package:flutter/src/rendering/proxy_box.dart:115:18)
#6      RenderObject.layout (package:flutter/src/rendering/object.dart:2775:7)
#7      RenderProxyBoxMixin.performLayout (package:flutter/src/rendering/proxy_box.dart:115:18)
#8      RenderCustomPaint.performLayout (package:flutter/src/rendering/custom_paint.dart:574:11)
#9      RenderObject.layout (package:flutter/src/rendering/object.dart:2775:7)
#10     RenderProxyBoxMixin.performLayout (package:flutter/src/rendering/proxy_box.dart:115:18)
#11     _RenderCustomClip.performLayout (package:flutter/src/rendering/proxy_box.dart:1481:11)
#12     RenderObject.layout (package:flutter/src/rendering/object.dart:2775:7)
#13     RenderPadding.performLayout (package:flutter/src/rendering/shifted_box.dart:243:12)
#14     RenderObject.layout (package:flutter/src/rendering/object.dart:2775:7)
#15     RenderProxyBoxMixin.performLayout (package:flutter/src/rendering/proxy_box.dart:115:18)
#16     RenderObject.layout (package:flutter/src/rendering/object.dart:2775:7)
#17     ChildLayoutHelper.layoutChild (package:flutter/src/rendering/layout_helper.dart:62:11)
#18     RenderFlex._computeSizes (package:flutter/src/rendering/flex.dart:1203:26)
#19     RenderFlex.performLayout (package:flutter/src/rendering/flex.dart:1257:32)
#20     RenderObject.layout (package:flutter/src/rendering/object.dart:2775:7)
#21     ChildLayoutHelper.layoutChild (package:flutter/src/rendering/layout_helper.dart:62:11)
#22     RenderFlex._computeSizes (package:flutter/src/rendering/flex.dart:1161:28)
#23     RenderFlex.performLayout (package:flutter/src/rendering/flex.dart:1257:32)
#24     RenderObject.layout (package:flutter/src/rendering/object.dart:2775:7)
#25     RenderSliverToBoxAdapter.performLayout (package:flutter/src/rendering/sliver.dart:2046:12)
#26     RenderObject.layout (package:flutter/src/rendering/object.dart:2775:7)
#27     RenderSliverEdgeInsetsPadding.performLayout (package:flutter/src/rendering/sliver_padding.dart:133:12)
#28     RenderSliverPadding.performLayout (package:flutter/src/rendering/sliver_padding.dart:371:11)
#29     RenderObject.layout (package:flutter/src/rendering/object.dart:2775:7)
#30     RenderViewportBase.layoutChildSequence (package:flutter/src/rendering/viewport.dart:673:13)
#31     RenderViewport._attemptLayout (package:flutter/src/rendering/viewport.dart:1684:12)
#32     RenderViewport.performLayout (package:flutter/src/rendering/viewport.dart:1575:20)
#33     RenderObject._layoutWithoutResize (package:flutter/src/rendering/object.dart:2623:7)
#34     PipelineOwner.flushLayout (package:flutter/src/rendering/object.dart:1170:18)
#35     PipelineOwner.flushLayout (package:flutter/src/rendering/object.dart:1183:15)
#36     AutomatedTestWidgetsFlutterBinding.drawFrame (package:flutter_test/src/binding.dart:1508:27)
#37     RendererBinding._handlePersistentFrameCallback (package:flutter/src/rendering/binding.dart:495:5)
#38     SchedulerBinding._invokeFrameCallback (package:flutter/src/scheduler/binding.dart:1434:15)
#39     SchedulerBinding.handleDrawFrame (package:flutter/src/scheduler/binding.dart:1347:9)
#40     AutomatedTestWidgetsFlutterBinding.pump.<anonymous closure> (package:flutter_test/src/binding.dart:1335:9)
#43     TestAsyncUtils.guard (package:flutter_test/src/test_async_utils.dart:74:41)
#44     AutomatedTestWidgetsFlutterBinding.pump (package:flutter_test/src/binding.dart:1324:27)
#45     WidgetTester.pump.<anonymous closure> (package:flutter_test/src/widget_tester.dart:652:53)
#48     TestAsyncUtils.guard (package:flutter_test/src/test_async_utils.dart:74:41)
#49     WidgetTester.pump (package:flutter_test/src/widget_tester.dart:652:27)
#50     main.<anonymous closure> (file:///C:/Users/Shresth/Desktop/Projects/i-c-m-s/test/widget_test.dart:37:18)
<asynchronous suspension>
#51     testWidgets.<anonymous closure>.<anonymous closure> (package:flutter_test/src/widget_tester.dart:192:15)
<asynchronous suspension>
#52     TestWidgetsFlutterBinding._runTestBody (package:flutter_test/src/binding.dart:1059:5)
<asynchronous suspension>
<asynchronous suspension>
(elided 7 frames from class _AssertionError, dart:async, and package:stack_trace)

The following RenderObject was being processed when the exception was fired: RenderSemanticsAnnotations#fa212 relayoutBoundary=up10 NEEDS-LAYOUT NEEDS-PAINT NEEDS-COMPOSITING-BITS-UPDATE:
  creator: Semantics ΓåÉ DefaultTextStyle ΓåÉ AnimatedDefaultTextStyle ΓåÉ _InkFeatures-[GlobalKey#be810 ink
    renderer] ΓåÉ NotificationListener<LayoutChangedNotification> ΓåÉ CustomPaint ΓåÉ _ShapeBorderPaint ΓåÉ
    PhysicalShape ΓåÉ _MaterialInterior ΓåÉ Material ΓåÉ Padding ΓåÉ Semantics ΓåÉ Γï»
  parentData: <none> (can use size)
  constraints: BoxConstraints(w=368.0, 0.0<=h<=Infinity)
  size: MISSING
This RenderObject had the following descendants (showing up to depth 5):
    child: RenderSemanticsAnnotations#5cd42 relayoutBoundary=up11 NEEDS-PAINT NEEDS-COMPOSITING-BITS-UPDATE
      child: RenderMouseRegion#4a989 relayoutBoundary=up12 NEEDS-PAINT NEEDS-COMPOSITING-BITS-UPDATE
        child: RenderSemanticsAnnotations#bf56a relayoutBoundary=up13 NEEDS-PAINT NEEDS-COMPOSITING-BITS-UPDATE
          child: RenderPointerListener#a8c70 relayoutBoundary=up14 NEEDS-PAINT NEEDS-COMPOSITING-BITS-UPDATE
            child: RenderPadding#56781 relayoutBoundary=up15 NEEDS-PAINT NEEDS-COMPOSITING-BITS-UPDATE
ΓòÉΓòÉΓòÉΓòÉΓòÉΓòÉΓòÉΓòÉΓòÉΓòÉΓòÉΓòÉΓòÉΓòÉΓòÉΓòÉΓòÉΓòÉΓòÉΓòÉΓòÉΓòÉΓòÉΓòÉΓòÉΓòÉΓòÉΓòÉΓòÉΓòÉΓòÉΓòÉΓòÉΓòÉΓòÉΓòÉΓòÉΓòÉΓòÉΓòÉΓòÉΓòÉΓòÉΓòÉΓòÉΓòÉΓòÉΓòÉΓòÉΓòÉΓòÉΓòÉΓòÉΓòÉΓòÉΓòÉΓòÉΓòÉΓòÉΓòÉΓòÉΓòÉΓòÉΓòÉΓòÉΓòÉΓòÉΓòÉΓòÉΓòÉΓòÉΓòÉΓòÉΓòÉΓòÉΓòÉΓòÉΓòÉΓòÉΓòÉΓòÉΓòÉΓòÉΓòÉΓòÉΓòÉΓòÉΓòÉΓòÉΓòÉΓòÉΓòÉΓòÉΓòÉΓòÉΓòÉΓòÉΓòÉΓòÉΓòÉ
ΓòÉΓòÉΓòí EXCEPTION CAUGHT BY RENDERING LIBRARY Γò₧ΓòÉΓòÉΓòÉΓòÉΓòÉΓòÉΓòÉΓòÉΓòÉΓòÉΓòÉΓòÉΓòÉΓòÉΓòÉΓòÉΓòÉΓòÉΓòÉΓòÉΓòÉΓòÉΓòÉΓòÉΓòÉΓòÉΓòÉΓòÉΓòÉΓòÉΓòÉΓòÉΓòÉΓòÉΓòÉΓòÉΓòÉΓòÉΓòÉΓòÉΓòÉΓòÉΓòÉΓòÉΓòÉΓòÉΓòÉΓòÉΓòÉΓòÉΓòÉΓòÉΓòÉΓòÉΓòÉΓòÉΓòÉ
The following assertion was thrown during performLayout():
RenderBox was not laid out: RenderSemanticsAnnotations#fa212 relayoutBoundary=up10 NEEDS-PAINT
NEEDS-COMPOSITING-BITS-UPDATE
'package:flutter/src/rendering/box.dart':
Failed assertion: line 2251 pos 12: 'hasSize'

Either the assertion indicates an error in the framework itself, or we should provide substantially
more information in this error message to help you determine and fix the underlying cause.
In either case, please report this assertion by filing a bug on GitHub:
  https://github.com/flutter/flutter/issues/new?template=02_bug.yml

The relevant error-causing widget was:
  Card
  Card:file:///C:/Users/Shresth/Desktop/Projects/i-c-m-s/lib/features/dashboard/presentation/widgets/summary_stat_card.dart:22:12

When the exception was thrown, this was the stack:
#2      RenderBox.size (package:flutter/src/rendering/box.dart:2251:12)
#3      RenderProxyBoxMixin.performLayout (package:flutter/src/rendering/proxy_box.dart:115:62)
#4      RenderObject.layout (package:flutter/src/rendering/object.dart:2775:7)
#5      RenderProxyBoxMixin.performLayout (package:flutter/src/rendering/proxy_box.dart:115:18)
#6      RenderCustomPaint.performLayout (package:flutter/src/rendering/custom_paint.dart:574:11)
#7      RenderObject.layout (package:flutter/src/rendering/object.dart:2775:7)
#8      RenderProxyBoxMixin.performLayout (package:flutter/src/rendering/proxy_box.dart:115:18)
#9      _RenderCustomClip.performLayout (package:flutter/src/rendering/proxy_box.dart:1481:11)
#10     RenderObject.layout (package:flutter/src/rendering/object.dart:2775:7)
#11     RenderPadding.performLayout (package:flutter/src/rendering/shifted_box.dart:243:12)
#12     RenderObject.layout (package:flutter/src/rendering/object.dart:2775:7)
#13     RenderProxyBoxMixin.performLayout (package:flutter/src/rendering/proxy_box.dart:115:18)
#14     RenderObject.layout (package:flutter/src/rendering/object.dart:2775:7)
#15     ChildLayoutHelper.layoutChild (package:flutter/src/rendering/layout_helper.dart:62:11)
#16     RenderFlex._computeSizes (package:flutter/src/rendering/flex.dart:1203:26)
#17     RenderFlex.performLayout (package:flutter/src/rendering/flex.dart:1257:32)
#18     RenderObject.layout (package:flutter/src/rendering/object.dart:2775:7)
#19     ChildLayoutHelper.layoutChild (package:flutter/src/rendering/layout_helper.dart:62:11)
#20     RenderFlex._computeSizes (package:flutter/src/rendering/flex.dart:1161:28)
#21     RenderFlex.performLayout (package:flutter/src/rendering/flex.dart:1257:32)
#22     RenderObject.layout (package:flutter/src/rendering/object.dart:2775:7)
#23     RenderSliverToBoxAdapter.performLayout (package:flutter/src/rendering/sliver.dart:2046:12)
#24     RenderObject.layout (package:flutter/src/rendering/object.dart:2775:7)
#25     RenderSliverEdgeInsetsPadding.performLayout (package:flutter/src/rendering/sliver_padding.dart:133:12)
#26     RenderSliverPadding.performLayout (package:flutter/src/rendering/sliver_padding.dart:371:11)
#27     RenderObject.layout (package:flutter/src/rendering/object.dart:2775:7)
#28     RenderViewportBase.layoutChildSequence (package:flutter/src/rendering/viewport.dart:673:13)
#29     RenderViewport._attemptLayout (package:flutter/src/rendering/viewport.dart:1684:12)
#30     RenderViewport.performLayout (package:flutter/src/rendering/viewport.dart:1575:20)
#31     RenderObject._layoutWithoutResize (package:flutter/src/rendering/object.dart:2623:7)
#32     PipelineOwner.flushLayout (package:flutter/src/rendering/object.dart:1170:18)
#33     PipelineOwner.flushLayout (package:flutter/src/rendering/object.dart:1183:15)
#34     AutomatedTestWidgetsFlutterBinding.drawFrame (package:flutter_test/src/binding.dart:1508:27)
#35     RendererBinding._handlePersistentFrameCallback (package:flutter/src/rendering/binding.dart:495:5)
#36     SchedulerBinding._invokeFrameCallback (package:flutter/src/scheduler/binding.dart:1434:15)
#37     SchedulerBinding.handleDrawFrame (package:flutter/src/scheduler/binding.dart:1347:9)
#38     AutomatedTestWidgetsFlutterBinding.pump.<anonymous closure> (package:flutter_test/src/binding.dart:1335:9)
#41     TestAsyncUtils.guard (package:flutter_test/src/test_async_utils.dart:74:41)
#42     AutomatedTestWidgetsFlutterBinding.pump (package:flutter_test/src/binding.dart:1324:27)
#43     WidgetTester.pump.<anonymous closure> (package:flutter_test/src/widget_tester.dart:652:53)
#46     TestAsyncUtils.guard (package:flutter_test/src/test_async_utils.dart:74:41)
#47     WidgetTester.pump (package:flutter_test/src/widget_tester.dart:652:27)
#48     main.<anonymous closure> (file:///C:/Users/Shresth/Desktop/Projects/i-c-m-s/test/widget_test.dart:37:18)
<asynchronous suspension>
#49     testWidgets.<anonymous closure>.<anonymous closure> (package:flutter_test/src/widget_tester.dart:192:15)
<asynchronous suspension>
#50     TestWidgetsFlutterBinding._runTestBody (package:flutter_test/src/binding.dart:1059:5)
<asynchronous suspension>
<asynchronous suspension>
(elided 7 frames from class _AssertionError, dart:async, and package:stack_trace)

The following RenderObject was being processed when the exception was fired: _RenderInkFeatures#37719 relayoutBoundary=up9 NEEDS-LAYOUT NEEDS-PAINT NEEDS-COMPOSITING-BITS-UPDATE:
  creator: _InkFeatures-[GlobalKey#be810 ink renderer] ΓåÉ
    NotificationListener<LayoutChangedNotification> ΓåÉ CustomPaint ΓåÉ _ShapeBorderPaint ΓåÉ PhysicalShape
    ΓåÉ _MaterialInterior ΓåÉ Material ΓåÉ Padding ΓåÉ Semantics ΓåÉ Card ΓåÉ SummaryStatCard ΓåÉ Expanded ΓåÉ Γï»
  parentData: <none> (can use size)
  constraints: BoxConstraints(w=368.0, 0.0<=h<=Infinity)
  size: MISSING
This RenderObject had the following descendants (showing up to depth 5):
    child: RenderSemanticsAnnotations#fa212 relayoutBoundary=up10 NEEDS-PAINT NEEDS-COMPOSITING-BITS-UPDATE
      child: RenderSemanticsAnnotations#5cd42 relayoutBoundary=up11 NEEDS-PAINT NEEDS-COMPOSITING-BITS-UPDATE
        child: RenderMouseRegion#4a989 relayoutBoundary=up12 NEEDS-PAINT NEEDS-COMPOSITING-BITS-UPDATE
          child: RenderSemanticsAnnotations#bf56a relayoutBoundary=up13 NEEDS-PAINT NEEDS-COMPOSITING-BITS-UPDATE
            child: RenderPointerListener#a8c70 relayoutBoundary=up14 NEEDS-PAINT NEEDS-COMPOSITING-BITS-UPDATE
ΓòÉΓòÉΓòÉΓòÉΓòÉΓòÉΓòÉΓòÉΓòÉΓòÉΓòÉΓòÉΓòÉΓòÉΓòÉΓòÉΓòÉΓòÉΓòÉΓòÉΓòÉΓòÉΓòÉΓòÉΓòÉΓòÉΓòÉΓòÉΓòÉΓòÉΓòÉΓòÉΓòÉΓòÉΓòÉΓòÉΓòÉΓòÉΓòÉΓòÉΓòÉΓòÉΓòÉΓòÉΓòÉΓòÉΓòÉΓòÉΓòÉΓòÉΓòÉΓòÉΓòÉΓòÉΓòÉΓòÉΓòÉΓòÉΓòÉΓòÉΓòÉΓòÉΓòÉΓòÉΓòÉΓòÉΓòÉΓòÉΓòÉΓòÉΓòÉΓòÉΓòÉΓòÉΓòÉΓòÉΓòÉΓòÉΓòÉΓòÉΓòÉΓòÉΓòÉΓòÉΓòÉΓòÉΓòÉΓòÉΓòÉΓòÉΓòÉΓòÉΓòÉΓòÉΓòÉΓòÉΓòÉΓòÉΓòÉΓòÉ
ΓòÉΓòÉΓòí EXCEPTION CAUGHT BY RENDERING LIBRARY Γò₧ΓòÉΓòÉΓòÉΓòÉΓòÉΓòÉΓòÉΓòÉΓòÉΓòÉΓòÉΓòÉΓòÉΓòÉΓòÉΓòÉΓòÉΓòÉΓòÉΓòÉΓòÉΓòÉΓòÉΓòÉΓòÉΓòÉΓòÉΓòÉΓòÉΓòÉΓòÉΓòÉΓòÉΓòÉΓòÉΓòÉΓòÉΓòÉΓòÉΓòÉΓòÉΓòÉΓòÉΓòÉΓòÉΓòÉΓòÉΓòÉΓòÉΓòÉΓòÉΓòÉΓòÉΓòÉΓòÉΓòÉΓòÉ
The following assertion was thrown during performLayout():
RenderBox was not laid out: _RenderInkFeatures#37719 relayoutBoundary=up9 NEEDS-PAINT
NEEDS-COMPOSITING-BITS-UPDATE
'package:flutter/src/rendering/box.dart':
Failed assertion: line 2251 pos 12: 'hasSize'

Either the assertion indicates an error in the framework itself, or we should provide substantially
more information in this error message to help you determine and fix the underlying cause.
In either case, please report this assertion by filing a bug on GitHub:
  https://github.com/flutter/flutter/issues/new?template=02_bug.yml

The relevant error-causing widget was:
  Card
  Card:file:///C:/Users/Shresth/Desktop/Projects/i-c-m-s/lib/features/dashboard/presentation/widgets/summary_stat_card.dart:22:12

When the exception was thrown, this was the stack:
#2      RenderBox.size (package:flutter/src/rendering/box.dart:2251:12)
#3      RenderProxyBoxMixin.performLayout (package:flutter/src/rendering/proxy_box.dart:115:62)
#4      RenderCustomPaint.performLayout (package:flutter/src/rendering/custom_paint.dart:574:11)
#5      RenderObject.layout (package:flutter/src/rendering/object.dart:2775:7)
#6      RenderProxyBoxMixin.performLayout (package:flutter/src/rendering/proxy_box.dart:115:18)
#7      _RenderCustomClip.performLayout (package:flutter/src/rendering/proxy_box.dart:1481:11)
#8      RenderObject.layout (package:flutter/src/rendering/object.dart:2775:7)
#9      RenderPadding.performLayout (package:flutter/src/rendering/shifted_box.dart:243:12)
#10     RenderObject.layout (package:flutter/src/rendering/object.dart:2775:7)
#11     RenderProxyBoxMixin.performLayout (package:flutter/src/rendering/proxy_box.dart:115:18)
#12     RenderObject.layout (package:flutter/src/rendering/object.dart:2775:7)
#13     ChildLayoutHelper.layoutChild (package:flutter/src/rendering/layout_helper.dart:62:11)
#14     RenderFlex._computeSizes (package:flutter/src/rendering/flex.dart:1203:26)
#15     RenderFlex.performLayout (package:flutter/src/rendering/flex.dart:1257:32)
#16     RenderObject.layout (package:flutter/src/rendering/object.dart:2775:7)
#17     ChildLayoutHelper.layoutChild (package:flutter/src/rendering/layout_helper.dart:62:11)
#18     RenderFlex._computeSizes (package:flutter/src/rendering/flex.dart:1161:28)
#19     RenderFlex.performLayout (package:flutter/src/rendering/flex.dart:1257:32)
#20     RenderObject.layout (package:flutter/src/rendering/object.dart:2775:7)
#21     RenderSliverToBoxAdapter.performLayout (package:flutter/src/rendering/sliver.dart:2046:12)
#22     RenderObject.layout (package:flutter/src/rendering/object.dart:2775:7)
#23     RenderSliverEdgeInsetsPadding.performLayout (package:flutter/src/rendering/sliver_padding.dart:133:12)
#24     RenderSliverPadding.performLayout (package:flutter/src/rendering/sliver_padding.dart:371:11)
#25     RenderObject.layout (package:flutter/src/rendering/object.dart:2775:7)
#26     RenderViewportBase.layoutChildSequence (package:flutter/src/rendering/viewport.dart:673:13)
#27     RenderViewport._attemptLayout (package:flutter/src/rendering/viewport.dart:1684:12)
#28     RenderViewport.performLayout (package:flutter/src/rendering/viewport.dart:1575:20)
#29     RenderObject._layoutWithoutResize (package:flutter/src/rendering/object.dart:2623:7)
#30     PipelineOwner.flushLayout (package:flutter/src/rendering/object.dart:1170:18)
#31     PipelineOwner.flushLayout (package:flutter/src/rendering/object.dart:1183:15)
#32     AutomatedTestWidgetsFlutterBinding.drawFrame (package:flutter_test/src/binding.dart:1508:27)
#33     RendererBinding._handlePersistentFrameCallback (package:flutter/src/rendering/binding.dart:495:5)
#34     SchedulerBinding._invokeFrameCallback (package:flutter/src/scheduler/binding.dart:1434:15)
#35     SchedulerBinding.handleDrawFrame (package:flutter/src/scheduler/binding.dart:1347:9)
#36     AutomatedTestWidgetsFlutterBinding.pump.<anonymous closure> (package:flutter_test/src/binding.dart:1335:9)
#39     TestAsyncUtils.guard (package:flutter_test/src/test_async_utils.dart:74:41)
#40     AutomatedTestWidgetsFlutterBinding.pump (package:flutter_test/src/binding.dart:1324:27)
#41     WidgetTester.pump.<anonymous closure> (package:flutter_test/src/widget_tester.dart:652:53)
#44     TestAsyncUtils.guard (package:flutter_test/src/test_async_utils.dart:74:41)
#45     WidgetTester.pump (package:flutter_test/src/widget_tester.dart:652:27)
#46     main.<anonymous closure> (file:///C:/Users/Shresth/Desktop/Projects/i-c-m-s/test/widget_test.dart:37:18)
<asynchronous suspension>
#47     testWidgets.<anonymous closure>.<anonymous closure> (package:flutter_test/src/widget_tester.dart:192:15)
<asynchronous suspension>
#48     TestWidgetsFlutterBinding._runTestBody (package:flutter_test/src/binding.dart:1059:5)
<asynchronous suspension>
<asynchronous suspension>
(elided 7 frames from class _AssertionError, dart:async, and package:stack_trace)

The following RenderObject was being processed when the exception was fired: RenderCustomPaint#1fee5 relayoutBoundary=up8 NEEDS-LAYOUT NEEDS-PAINT NEEDS-COMPOSITING-BITS-UPDATE:
  creator: CustomPaint ΓåÉ _ShapeBorderPaint ΓåÉ PhysicalShape ΓåÉ _MaterialInterior ΓåÉ Material ΓåÉ Padding ΓåÉ
    Semantics ΓåÉ Card ΓåÉ SummaryStatCard ΓåÉ Expanded ΓåÉ Row ΓåÉ Column ΓåÉ Γï»
  parentData: <none> (can use size)
  constraints: BoxConstraints(w=368.0, 0.0<=h<=Infinity)
  size: MISSING
  painter: null
  foregroundPainter: _ShapeBorderPainter#efb15()
This RenderObject had the following descendants (showing up to depth 5):
    child: _RenderInkFeatures#37719 relayoutBoundary=up9 NEEDS-PAINT NEEDS-COMPOSITING-BITS-UPDATE
      child: RenderSemanticsAnnotations#fa212 relayoutBoundary=up10 NEEDS-PAINT NEEDS-COMPOSITING-BITS-UPDATE
        child: RenderSemanticsAnnotations#5cd42 relayoutBoundary=up11 NEEDS-PAINT NEEDS-COMPOSITING-BITS-UPDATE
          child: RenderMouseRegion#4a989 relayoutBoundary=up12 NEEDS-PAINT NEEDS-COMPOSITING-BITS-UPDATE
            child: RenderSemanticsAnnotations#bf56a relayoutBoundary=up13 NEEDS-PAINT NEEDS-COMPOSITING-BITS-UPDATE
ΓòÉΓòÉΓòÉΓòÉΓòÉΓòÉΓòÉΓòÉΓòÉΓòÉΓòÉΓòÉΓòÉΓòÉΓòÉΓòÉΓòÉΓòÉΓòÉΓòÉΓòÉΓòÉΓòÉΓòÉΓòÉΓòÉΓòÉΓòÉΓòÉΓòÉΓòÉΓòÉΓòÉΓòÉΓòÉΓòÉΓòÉΓòÉΓòÉΓòÉΓòÉΓòÉΓòÉΓòÉΓòÉΓòÉΓòÉΓòÉΓòÉΓòÉΓòÉΓòÉΓòÉΓòÉΓòÉΓòÉΓòÉΓòÉΓòÉΓòÉΓòÉΓòÉΓòÉΓòÉΓòÉΓòÉΓòÉΓòÉΓòÉΓòÉΓòÉΓòÉΓòÉΓòÉΓòÉΓòÉΓòÉΓòÉΓòÉΓòÉΓòÉΓòÉΓòÉΓòÉΓòÉΓòÉΓòÉΓòÉΓòÉΓòÉΓòÉΓòÉΓòÉΓòÉΓòÉΓòÉΓòÉΓòÉΓòÉΓòÉ
ΓòÉΓòÉΓòí EXCEPTION CAUGHT BY RENDERING LIBRARY Γò₧ΓòÉΓòÉΓòÉΓòÉΓòÉΓòÉΓòÉΓòÉΓòÉΓòÉΓòÉΓòÉΓòÉΓòÉΓòÉΓòÉΓòÉΓòÉΓòÉΓòÉΓòÉΓòÉΓòÉΓòÉΓòÉΓòÉΓòÉΓòÉΓòÉΓòÉΓòÉΓòÉΓòÉΓòÉΓòÉΓòÉΓòÉΓòÉΓòÉΓòÉΓòÉΓòÉΓòÉΓòÉΓòÉΓòÉΓòÉΓòÉΓòÉΓòÉΓòÉΓòÉΓòÉΓòÉΓòÉΓòÉΓòÉ
The following assertion was thrown during performLayout():
RenderBox was not laid out: RenderCustomPaint#1fee5 relayoutBoundary=up8 NEEDS-PAINT
NEEDS-COMPOSITING-BITS-UPDATE
'package:flutter/src/rendering/box.dart':
Failed assertion: line 2251 pos 12: 'hasSize'

Either the assertion indicates an error in the framework itself, or we should provide substantially
more information in this error message to help you determine and fix the underlying cause.
In either case, please report this assertion by filing a bug on GitHub:
  https://github.com/flutter/flutter/issues/new?template=02_bug.yml

The relevant error-causing widget was:
  Card
  Card:file:///C:/Users/Shresth/Desktop/Projects/i-c-m-s/lib/features/dashboard/presentation/widgets/summary_stat_card.dart:22:12

When the exception was thrown, this was the stack:
#2      RenderBox.size (package:flutter/src/rendering/box.dart:2251:12)
#3      RenderProxyBoxMixin.performLayout (package:flutter/src/rendering/proxy_box.dart:115:62)
#4      _RenderCustomClip.performLayout (package:flutter/src/rendering/proxy_box.dart:1481:11)
#5      RenderObject.layout (package:flutter/src/rendering/object.dart:2775:7)
#6      RenderPadding.performLayout (package:flutter/src/rendering/shifted_box.dart:243:12)
#7      RenderObject.layout (package:flutter/src/rendering/object.dart:2775:7)
#8      RenderProxyBoxMixin.performLayout (package:flutter/src/rendering/proxy_box.dart:115:18)
#9      RenderObject.layout (package:flutter/src/rendering/object.dart:2775:7)
#10     ChildLayoutHelper.layoutChild (package:flutter/src/rendering/layout_helper.dart:62:11)
#11     RenderFlex._computeSizes (package:flutter/src/rendering/flex.dart:1203:26)
#12     RenderFlex.performLayout (package:flutter/src/rendering/flex.dart:1257:32)
#13     RenderObject.layout (package:flutter/src/rendering/object.dart:2775:7)
#14     ChildLayoutHelper.layoutChild (package:flutter/src/rendering/layout_helper.dart:62:11)
#15     RenderFlex._computeSizes (package:flutter/src/rendering/flex.dart:1161:28)
#16     RenderFlex.performLayout (package:flutter/src/rendering/flex.dart:1257:32)
#17     RenderObject.layout (package:flutter/src/rendering/object.dart:2775:7)
#18     RenderSliverToBoxAdapter.performLayout (package:flutter/src/rendering/sliver.dart:2046:12)
#19     RenderObject.layout (package:flutter/src/rendering/object.dart:2775:7)
#20     RenderSliverEdgeInsetsPadding.performLayout (package:flutter/src/rendering/sliver_padding.dart:133:12)
#21     RenderSliverPadding.performLayout (package:flutter/src/rendering/sliver_padding.dart:371:11)
#22     RenderObject.layout (package:flutter/src/rendering/object.dart:2775:7)
#23     RenderViewportBase.layoutChildSequence (package:flutter/src/rendering/viewport.dart:673:13)
#24     RenderViewport._attemptLayout (package:flutter/src/rendering/viewport.dart:1684:12)
#25     RenderViewport.performLayout (package:flutter/src/rendering/viewport.dart:1575:20)
#26     RenderObject._layoutWithoutResize (package:flutter/src/rendering/object.dart:2623:7)
#27     PipelineOwner.flushLayout (package:flutter/src/rendering/object.dart:1170:18)
#28     PipelineOwner.flushLayout (package:flutter/src/rendering/object.dart:1183:15)
#29     AutomatedTestWidgetsFlutterBinding.drawFrame (package:flutter_test/src/binding.dart:1508:27)
#30     RendererBinding._handlePersistentFrameCallback (package:flutter/src/rendering/binding.dart:495:5)
#31     SchedulerBinding._invokeFrameCallback (package:flutter/src/scheduler/binding.dart:1434:15)
#32     SchedulerBinding.handleDrawFrame (package:flutter/src/scheduler/binding.dart:1347:9)
#33     AutomatedTestWidgetsFlutterBinding.pump.<anonymous closure> (package:flutter_test/src/binding.dart:1335:9)
#36     TestAsyncUtils.guard (package:flutter_test/src/test_async_utils.dart:74:41)
#37     AutomatedTestWidgetsFlutterBinding.pump (package:flutter_test/src/binding.dart:1324:27)
#38     WidgetTester.pump.<anonymous closure> (package:flutter_test/src/widget_tester.dart:652:53)
#41     TestAsyncUtils.guard (package:flutter_test/src/test_async_utils.dart:74:41)
#42     WidgetTester.pump (package:flutter_test/src/widget_tester.dart:652:27)
#43     main.<anonymous closure> (file:///C:/Users/Shresth/Desktop/Projects/i-c-m-s/test/widget_test.dart:37:18)
<asynchronous suspension>
#44     testWidgets.<anonymous closure>.<anonymous closure> (package:flutter_test/src/widget_tester.dart:192:15)
<asynchronous suspension>
#45     TestWidgetsFlutterBinding._runTestBody (package:flutter_test/src/binding.dart:1059:5)
<asynchronous suspension>
<asynchronous suspension>
(elided 7 frames from class _AssertionError, dart:async, and package:stack_trace)

The following RenderObject was being processed when the exception was fired: RenderPhysicalShape#9f485 relayoutBoundary=up7 NEEDS-LAYOUT NEEDS-PAINT NEEDS-COMPOSITING-BITS-UPDATE:
  creator: PhysicalShape ΓåÉ _MaterialInterior ΓåÉ Material ΓåÉ Padding ΓåÉ Semantics ΓåÉ Card ΓåÉ SummaryStatCard
    ΓåÉ Expanded ΓåÉ Row ΓåÉ Column ΓåÉ SliverToBoxAdapter ΓåÉ SliverPadding ΓåÉ Γï»
  parentData: offset=Offset(0.0, 0.0) (can use size)
  constraints: BoxConstraints(w=368.0, 0.0<=h<=Infinity)
  size: MISSING
  elevation: 2.0
  color: Color(alpha: 1.0000, red: 0.9686, green: 0.9490, blue: 0.9804, colorSpace: ColorSpace.sRGB)
  shadowColor: Color(alpha: 1.0000, red: 0.9686, green: 0.9490, blue: 0.9804, colorSpace:
    ColorSpace.sRGB)
  clipper: ShapeBorderClipper
This RenderObject had the following descendants (showing up to depth 5):
    child: RenderCustomPaint#1fee5 relayoutBoundary=up8 NEEDS-PAINT NEEDS-COMPOSITING-BITS-UPDATE
      child: _RenderInkFeatures#37719 relayoutBoundary=up9 NEEDS-PAINT NEEDS-COMPOSITING-BITS-UPDATE
        child: RenderSemanticsAnnotations#fa212 relayoutBoundary=up10 NEEDS-PAINT NEEDS-COMPOSITING-BITS-UPDATE
          child: RenderSemanticsAnnotations#5cd42 relayoutBoundary=up11 NEEDS-PAINT NEEDS-COMPOSITING-BITS-UPDATE
            child: RenderMouseRegion#4a989 relayoutBoundary=up12 NEEDS-PAINT NEEDS-COMPOSITING-BITS-UPDATE
ΓòÉΓòÉΓòÉΓòÉΓòÉΓòÉΓòÉΓòÉΓòÉΓòÉΓòÉΓòÉΓòÉΓòÉΓòÉΓòÉΓòÉΓòÉΓòÉΓòÉΓòÉΓòÉΓòÉΓòÉΓòÉΓòÉΓòÉΓòÉΓòÉΓòÉΓòÉΓòÉΓòÉΓòÉΓòÉΓòÉΓòÉΓòÉΓòÉΓòÉΓòÉΓòÉΓòÉΓòÉΓòÉΓòÉΓòÉΓòÉΓòÉΓòÉΓòÉΓòÉΓòÉΓòÉΓòÉΓòÉΓòÉΓòÉΓòÉΓòÉΓòÉΓòÉΓòÉΓòÉΓòÉΓòÉΓòÉΓòÉΓòÉΓòÉΓòÉΓòÉΓòÉΓòÉΓòÉΓòÉΓòÉΓòÉΓòÉΓòÉΓòÉΓòÉΓòÉΓòÉΓòÉΓòÉΓòÉΓòÉΓòÉΓòÉΓòÉΓòÉΓòÉΓòÉΓòÉΓòÉΓòÉΓòÉΓòÉΓòÉ
ΓòÉΓòÉΓòí EXCEPTION CAUGHT BY RENDERING LIBRARY Γò₧ΓòÉΓòÉΓòÉΓòÉΓòÉΓòÉΓòÉΓòÉΓòÉΓòÉΓòÉΓòÉΓòÉΓòÉΓòÉΓòÉΓòÉΓòÉΓòÉΓòÉΓòÉΓòÉΓòÉΓòÉΓòÉΓòÉΓòÉΓòÉΓòÉΓòÉΓòÉΓòÉΓòÉΓòÉΓòÉΓòÉΓòÉΓòÉΓòÉΓòÉΓòÉΓòÉΓòÉΓòÉΓòÉΓòÉΓòÉΓòÉΓòÉΓòÉΓòÉΓòÉΓòÉΓòÉΓòÉΓòÉΓòÉ
The following assertion was thrown during performLayout():
RenderBox was not laid out: RenderPhysicalShape#9f485 relayoutBoundary=up7 NEEDS-PAINT
NEEDS-COMPOSITING-BITS-UPDATE
'package:flutter/src/rendering/box.dart':
Failed assertion: line 2251 pos 12: 'hasSize'

Either the assertion indicates an error in the framework itself, or we should provide substantially
more information in this error message to help you determine and fix the underlying cause.
In either case, please report this assertion by filing a bug on GitHub:
  https://github.com/flutter/flutter/issues/new?template=02_bug.yml

The relevant error-causing widget was:
  Card
  Card:file:///C:/Users/Shresth/Desktop/Projects/i-c-m-s/lib/features/dashboard/presentation/widgets/summary_stat_card.dart:22:12

When the exception was thrown, this was the stack:
#2      RenderBox.size (package:flutter/src/rendering/box.dart:2251:12)
#3      RenderPadding.performLayout (package:flutter/src/rendering/shifted_box.dart:247:40)
#4      RenderObject.layout (package:flutter/src/rendering/object.dart:2775:7)
#5      RenderProxyBoxMixin.performLayout (package:flutter/src/rendering/proxy_box.dart:115:18)
#6      RenderObject.layout (package:flutter/src/rendering/object.dart:2775:7)
#7      ChildLayoutHelper.layoutChild (package:flutter/src/rendering/layout_helper.dart:62:11)
#8      RenderFlex._computeSizes (package:flutter/src/rendering/flex.dart:1203:26)
#9      RenderFlex.performLayout (package:flutter/src/rendering/flex.dart:1257:32)
#10     RenderObject.layout (package:flutter/src/rendering/object.dart:2775:7)
#11     ChildLayoutHelper.layoutChild (package:flutter/src/rendering/layout_helper.dart:62:11)
#12     RenderFlex._computeSizes (package:flutter/src/rendering/flex.dart:1161:28)
#13     RenderFlex.performLayout (package:flutter/src/rendering/flex.dart:1257:32)
#14     RenderObject.layout (package:flutter/src/rendering/object.dart:2775:7)
#15     RenderSliverToBoxAdapter.performLayout (package:flutter/src/rendering/sliver.dart:2046:12)
#16     RenderObject.layout (package:flutter/src/rendering/object.dart:2775:7)
#17     RenderSliverEdgeInsetsPadding.performLayout (package:flutter/src/rendering/sliver_padding.dart:133:12)
#18     RenderSliverPadding.performLayout (package:flutter/src/rendering/sliver_padding.dart:371:11)
#19     RenderObject.layout (package:flutter/src/rendering/object.dart:2775:7)
#20     RenderViewportBase.layoutChildSequence (package:flutter/src/rendering/viewport.dart:673:13)
#21     RenderViewport._attemptLayout (package:flutter/src/rendering/viewport.dart:1684:12)
#22     RenderViewport.performLayout (package:flutter/src/rendering/viewport.dart:1575:20)
#23     RenderObject._layoutWithoutResize (package:flutter/src/rendering/object.dart:2623:7)
#24     PipelineOwner.flushLayout (package:flutter/src/rendering/object.dart:1170:18)
#25     PipelineOwner.flushLayout (package:flutter/src/rendering/object.dart:1183:15)
#26     AutomatedTestWidgetsFlutterBinding.drawFrame (package:flutter_test/src/binding.dart:1508:27)
#27     RendererBinding._handlePersistentFrameCallback (package:flutter/src/rendering/binding.dart:495:5)
#28     SchedulerBinding._invokeFrameCallback (package:flutter/src/scheduler/binding.dart:1434:15)
#29     SchedulerBinding.handleDrawFrame (package:flutter/src/scheduler/binding.dart:1347:9)
#30     AutomatedTestWidgetsFlutterBinding.pump.<anonymous closure> (package:flutter_test/src/binding.dart:1335:9)
#33     TestAsyncUtils.guard (package:flutter_test/src/test_async_utils.dart:74:41)
#34     AutomatedTestWidgetsFlutterBinding.pump (package:flutter_test/src/binding.dart:1324:27)
#35     WidgetTester.pump.<anonymous closure> (package:flutter_test/src/widget_tester.dart:652:53)
#38     TestAsyncUtils.guard (package:flutter_test/src/test_async_utils.dart:74:41)
#39     WidgetTester.pump (package:flutter_test/src/widget_tester.dart:652:27)
#40     main.<anonymous closure> (file:///C:/Users/Shresth/Desktop/Projects/i-c-m-s/test/widget_test.dart:37:18)
<asynchronous suspension>
#41     testWidgets.<anonymous closure>.<anonymous closure> (package:flutter_test/src/widget_tester.dart:192:15)
<asynchronous suspension>
#42     TestWidgetsFlutterBinding._runTestBody (package:flutter_test/src/binding.dart:1059:5)
<asynchronous suspension>
<asynchronous suspension>
(elided 7 frames from class _AssertionError, dart:async, and package:stack_trace)

The following RenderObject was being processed when the exception was fired: RenderPadding#8c349 relayoutBoundary=up6 NEEDS-LAYOUT NEEDS-PAINT NEEDS-COMPOSITING-BITS-UPDATE:
  creator: Padding ΓåÉ Semantics ΓåÉ Card ΓåÉ SummaryStatCard ΓåÉ Expanded ΓåÉ Row ΓåÉ Column ΓåÉ SliverToBoxAdapter
    ΓåÉ SliverPadding ΓåÉ Viewport ΓåÉ IgnorePointer-[GlobalKey#33823] ΓåÉ Semantics ΓåÉ Γï»
  parentData: <none> (can use size)
  constraints: BoxConstraints(w=376.0, 0.0<=h<=Infinity)
  size: MISSING
  padding: EdgeInsets.all(4.0)
  textDirection: ltr
This RenderObject had the following descendants (showing up to depth 5):
    child: RenderPhysicalShape#9f485 relayoutBoundary=up7 NEEDS-PAINT NEEDS-COMPOSITING-BITS-UPDATE
      child: RenderCustomPaint#1fee5 relayoutBoundary=up8 NEEDS-PAINT NEEDS-COMPOSITING-BITS-UPDATE
        child: _RenderInkFeatures#37719 relayoutBoundary=up9 NEEDS-PAINT NEEDS-COMPOSITING-BITS-UPDATE
          child: RenderSemanticsAnnotations#fa212 relayoutBoundary=up10 NEEDS-PAINT NEEDS-COMPOSITING-BITS-UPDATE
            child: RenderSemanticsAnnotations#5cd42 relayoutBoundary=up11 NEEDS-PAINT NEEDS-COMPOSITING-BITS-UPDATE
ΓòÉΓòÉΓòÉΓòÉΓòÉΓòÉΓòÉΓòÉΓòÉΓòÉΓòÉΓòÉΓòÉΓòÉΓòÉΓòÉΓòÉΓòÉΓòÉΓòÉΓòÉΓòÉΓòÉΓòÉΓòÉΓòÉΓòÉΓòÉΓòÉΓòÉΓòÉΓòÉΓòÉΓòÉΓòÉΓòÉΓòÉΓòÉΓòÉΓòÉΓòÉΓòÉΓòÉΓòÉΓòÉΓòÉΓòÉΓòÉΓòÉΓòÉΓòÉΓòÉΓòÉΓòÉΓòÉΓòÉΓòÉΓòÉΓòÉΓòÉΓòÉΓòÉΓòÉΓòÉΓòÉΓòÉΓòÉΓòÉΓòÉΓòÉΓòÉΓòÉΓòÉΓòÉΓòÉΓòÉΓòÉΓòÉΓòÉΓòÉΓòÉΓòÉΓòÉΓòÉΓòÉΓòÉΓòÉΓòÉΓòÉΓòÉΓòÉΓòÉΓòÉΓòÉΓòÉΓòÉΓòÉΓòÉΓòÉΓòÉ
ΓòÉΓòÉΓòí EXCEPTION CAUGHT BY RENDERING LIBRARY Γò₧ΓòÉΓòÉΓòÉΓòÉΓòÉΓòÉΓòÉΓòÉΓòÉΓòÉΓòÉΓòÉΓòÉΓòÉΓòÉΓòÉΓòÉΓòÉΓòÉΓòÉΓòÉΓòÉΓòÉΓòÉΓòÉΓòÉΓòÉΓòÉΓòÉΓòÉΓòÉΓòÉΓòÉΓòÉΓòÉΓòÉΓòÉΓòÉΓòÉΓòÉΓòÉΓòÉΓòÉΓòÉΓòÉΓòÉΓòÉΓòÉΓòÉΓòÉΓòÉΓòÉΓòÉΓòÉΓòÉΓòÉΓòÉ
The following assertion was thrown during performLayout():
RenderBox was not laid out: RenderPadding#8c349 relayoutBoundary=up6 NEEDS-PAINT
NEEDS-COMPOSITING-BITS-UPDATE
'package:flutter/src/rendering/box.dart':
Failed assertion: line 2251 pos 12: 'hasSize'

Either the assertion indicates an error in the framework itself, or we should provide substantially
more information in this error message to help you determine and fix the underlying cause.
In either case, please report this assertion by filing a bug on GitHub:
  https://github.com/flutter/flutter/issues/new?template=02_bug.yml

The relevant error-causing widget was:
  Card
  Card:file:///C:/Users/Shresth/Desktop/Projects/i-c-m-s/lib/features/dashboard/presentation/widgets/summary_stat_card.dart:22:12

When the exception was thrown, this was the stack:
#2      RenderBox.size (package:flutter/src/rendering/box.dart:2251:12)
#3      RenderProxyBoxMixin.performLayout (package:flutter/src/rendering/proxy_box.dart:115:62)
#4      RenderObject.layout (package:flutter/src/rendering/object.dart:2775:7)
#5      ChildLayoutHelper.layoutChild (package:flutter/src/rendering/layout_helper.dart:62:11)
#6      RenderFlex._computeSizes (package:flutter/src/rendering/flex.dart:1203:26)
#7      RenderFlex.performLayout (package:flutter/src/rendering/flex.dart:1257:32)
#8      RenderObject.layout (package:flutter/src/rendering/object.dart:2775:7)
#9      ChildLayoutHelper.layoutChild (package:flutter/src/rendering/layout_helper.dart:62:11)
#10     RenderFlex._computeSizes (package:flutter/src/rendering/flex.dart:1161:28)
#11     RenderFlex.performLayout (package:flutter/src/rendering/flex.dart:1257:32)
#12     RenderObject.layout (package:flutter/src/rendering/object.dart:2775:7)
#13     RenderSliverToBoxAdapter.performLayout (package:flutter/src/rendering/sliver.dart:2046:12)
#14     RenderObject.layout (package:flutter/src/rendering/object.dart:2775:7)
#15     RenderSliverEdgeInsetsPadding.performLayout (package:flutter/src/rendering/sliver_padding.dart:133:12)
#16     RenderSliverPadding.performLayout (package:flutter/src/rendering/sliver_padding.dart:371:11)
#17     RenderObject.layout (package:flutter/src/rendering/object.dart:2775:7)
#18     RenderViewportBase.layoutChildSequence (package:flutter/src/rendering/viewport.dart:673:13)
#19     RenderViewport._attemptLayout (package:flutter/src/rendering/viewport.dart:1684:12)
#20     RenderViewport.performLayout (package:flutter/src/rendering/viewport.dart:1575:20)
#21     RenderObject._layoutWithoutResize (package:flutter/src/rendering/object.dart:2623:7)
#22     PipelineOwner.flushLayout (package:flutter/src/rendering/object.dart:1170:18)
#23     PipelineOwner.flushLayout (package:flutter/src/rendering/object.dart:1183:15)
#24     AutomatedTestWidgetsFlutterBinding.drawFrame (package:flutter_test/src/binding.dart:1508:27)
#25     RendererBinding._handlePersistentFrameCallback (package:flutter/src/rendering/binding.dart:495:5)
#26     SchedulerBinding._invokeFrameCallback (package:flutter/src/scheduler/binding.dart:1434:15)
#27     SchedulerBinding.handleDrawFrame (package:flutter/src/scheduler/binding.dart:1347:9)
#28     AutomatedTestWidgetsFlutterBinding.pump.<anonymous closure> (package:flutter_test/src/binding.dart:1335:9)
#31     TestAsyncUtils.guard (package:flutter_test/src/test_async_utils.dart:74:41)
#32     AutomatedTestWidgetsFlutterBinding.pump (package:flutter_test/src/binding.dart:1324:27)
#33     WidgetTester.pump.<anonymous closure> (package:flutter_test/src/widget_tester.dart:652:53)
#36     TestAsyncUtils.guard (package:flutter_test/src/test_async_utils.dart:74:41)
#37     WidgetTester.pump (package:flutter_test/src/widget_tester.dart:652:27)
#38     main.<anonymous closure> (file:///C:/Users/Shresth/Desktop/Projects/i-c-m-s/test/widget_test.dart:37:18)
<asynchronous suspension>
#39     testWidgets.<anonymous closure>.<anonymous closure> (package:flutter_test/src/widget_tester.dart:192:15)
<asynchronous suspension>
#40     TestWidgetsFlutterBinding._runTestBody (package:flutter_test/src/binding.dart:1059:5)
<asynchronous suspension>
<asynchronous suspension>
(elided 7 frames from class _AssertionError, dart:async, and package:stack_trace)

The following RenderObject was being processed when the exception was fired: RenderSemanticsAnnotations#f162b relayoutBoundary=up5 NEEDS-LAYOUT NEEDS-PAINT NEEDS-COMPOSITING-BITS-UPDATE:
  creator: Semantics ΓåÉ Card ΓåÉ SummaryStatCard ΓåÉ Expanded ΓåÉ Row ΓåÉ Column ΓåÉ SliverToBoxAdapter ΓåÉ
    SliverPadding ΓåÉ Viewport ΓåÉ IgnorePointer-[GlobalKey#33823] ΓåÉ Semantics ΓåÉ Listener ΓåÉ Γï»
  parentData: offset=Offset(0.0, 0.0); flex=1; fit=FlexFit.tight (can use size)
  constraints: BoxConstraints(w=376.0, 0.0<=h<=Infinity)
  semantic boundary
  size: MISSING
This RenderObject had the following descendants (showing up to depth 5):
    child: RenderPadding#8c349 relayoutBoundary=up6 NEEDS-PAINT NEEDS-COMPOSITING-BITS-UPDATE
      child: RenderPhysicalShape#9f485 relayoutBoundary=up7 NEEDS-PAINT NEEDS-COMPOSITING-BITS-UPDATE
        child: RenderCustomPaint#1fee5 relayoutBoundary=up8 NEEDS-PAINT NEEDS-COMPOSITING-BITS-UPDATE
          child: _RenderInkFeatures#37719 relayoutBoundary=up9 NEEDS-PAINT NEEDS-COMPOSITING-BITS-UPDATE
            child: RenderSemanticsAnnotations#fa212 relayoutBoundary=up10 NEEDS-PAINT NEEDS-COMPOSITING-BITS-UPDATE
ΓòÉΓòÉΓòÉΓòÉΓòÉΓòÉΓòÉΓòÉΓòÉΓòÉΓòÉΓòÉΓòÉΓòÉΓòÉΓòÉΓòÉΓòÉΓòÉΓòÉΓòÉΓòÉΓòÉΓòÉΓòÉΓòÉΓòÉΓòÉΓòÉΓòÉΓòÉΓòÉΓòÉΓòÉΓòÉΓòÉΓòÉΓòÉΓòÉΓòÉΓòÉΓòÉΓòÉΓòÉΓòÉΓòÉΓòÉΓòÉΓòÉΓòÉΓòÉΓòÉΓòÉΓòÉΓòÉΓòÉΓòÉΓòÉΓòÉΓòÉΓòÉΓòÉΓòÉΓòÉΓòÉΓòÉΓòÉΓòÉΓòÉΓòÉΓòÉΓòÉΓòÉΓòÉΓòÉΓòÉΓòÉΓòÉΓòÉΓòÉΓòÉΓòÉΓòÉΓòÉΓòÉΓòÉΓòÉΓòÉΓòÉΓòÉΓòÉΓòÉΓòÉΓòÉΓòÉΓòÉΓòÉΓòÉΓòÉΓòÉ
ΓòÉΓòÉΓòí EXCEPTION CAUGHT BY RENDERING LIBRARY Γò₧ΓòÉΓòÉΓòÉΓòÉΓòÉΓòÉΓòÉΓòÉΓòÉΓòÉΓòÉΓòÉΓòÉΓòÉΓòÉΓòÉΓòÉΓòÉΓòÉΓòÉΓòÉΓòÉΓòÉΓòÉΓòÉΓòÉΓòÉΓòÉΓòÉΓòÉΓòÉΓòÉΓòÉΓòÉΓòÉΓòÉΓòÉΓòÉΓòÉΓòÉΓòÉΓòÉΓòÉΓòÉΓòÉΓòÉΓòÉΓòÉΓòÉΓòÉΓòÉΓòÉΓòÉΓòÉΓòÉΓòÉΓòÉ
The following assertion was thrown during performLayout():
RenderBox was not laid out: RenderSemanticsAnnotations#f162b relayoutBoundary=up5 NEEDS-PAINT
NEEDS-COMPOSITING-BITS-UPDATE
'package:flutter/src/rendering/box.dart':
Failed assertion: line 2251 pos 12: 'hasSize'

Either the assertion indicates an error in the framework itself, or we should provide substantially
more information in this error message to help you determine and fix the underlying cause.
In either case, please report this assertion by filing a bug on GitHub:
  https://github.com/flutter/flutter/issues/new?template=02_bug.yml

The relevant error-causing widget was:
  Row
  Row:file:///C:/Users/Shresth/Desktop/Projects/i-c-m-s/lib/features/dashboard/presentation/pages/home_screen.dart:62:32

When the exception was thrown, this was the stack:
#2      RenderBox.size (package:flutter/src/rendering/box.dart:2251:12)
#3      ChildLayoutHelper.layoutChild (package:flutter/src/rendering/layout_helper.dart:63:18)
#4      RenderFlex._computeSizes (package:flutter/src/rendering/flex.dart:1203:26)
#5      RenderFlex.performLayout (package:flutter/src/rendering/flex.dart:1257:32)
#6      RenderObject.layout (package:flutter/src/rendering/object.dart:2775:7)
#7      ChildLayoutHelper.layoutChild (package:flutter/src/rendering/layout_helper.dart:62:11)
#8      RenderFlex._computeSizes (package:flutter/src/rendering/flex.dart:1161:28)
#9      RenderFlex.performLayout (package:flutter/src/rendering/flex.dart:1257:32)
#10     RenderObject.layout (package:flutter/src/rendering/object.dart:2775:7)
#11     RenderSliverToBoxAdapter.performLayout (package:flutter/src/rendering/sliver.dart:2046:12)
#12     RenderObject.layout (package:flutter/src/rendering/object.dart:2775:7)
#13     RenderSliverEdgeInsetsPadding.performLayout (package:flutter/src/rendering/sliver_padding.dart:133:12)
#14     RenderSliverPadding.performLayout (package:flutter/src/rendering/sliver_padding.dart:371:11)
#15     RenderObject.layout (package:flutter/src/rendering/object.dart:2775:7)
#16     RenderViewportBase.layoutChildSequence (package:flutter/src/rendering/viewport.dart:673:13)
#17     RenderViewport._attemptLayout (package:flutter/src/rendering/viewport.dart:1684:12)
#18     RenderViewport.performLayout (package:flutter/src/rendering/viewport.dart:1575:20)
#19     RenderObject._layoutWithoutResize (package:flutter/src/rendering/object.dart:2623:7)
#20     PipelineOwner.flushLayout (package:flutter/src/rendering/object.dart:1170:18)
#21     PipelineOwner.flushLayout (package:flutter/src/rendering/object.dart:1183:15)
#22     AutomatedTestWidgetsFlutterBinding.drawFrame (package:flutter_test/src/binding.dart:1508:27)
#23     RendererBinding._handlePersistentFrameCallback (package:flutter/src/rendering/binding.dart:495:5)
#24     SchedulerBinding._invokeFrameCallback (package:flutter/src/scheduler/binding.dart:1434:15)
#25     SchedulerBinding.handleDrawFrame (package:flutter/src/scheduler/binding.dart:1347:9)
#26     AutomatedTestWidgetsFlutterBinding.pump.<anonymous closure> (package:flutter_test/src/binding.dart:1335:9)
#29     TestAsyncUtils.guard (package:flutter_test/src/test_async_utils.dart:74:41)
#30     AutomatedTestWidgetsFlutterBinding.pump (package:flutter_test/src/binding.dart:1324:27)
#31     WidgetTester.pump.<anonymous closure> (package:flutter_test/src/widget_tester.dart:652:53)
#34     TestAsyncUtils.guard (package:flutter_test/src/test_async_utils.dart:74:41)
#35     WidgetTester.pump (package:flutter_test/src/widget_tester.dart:652:27)
#36     main.<anonymous closure> (file:///C:/Users/Shresth/Desktop/Projects/i-c-m-s/test/widget_test.dart:37:18)
<asynchronous suspension>
#37     testWidgets.<anonymous closure>.<anonymous closure> (package:flutter_test/src/widget_tester.dart:192:15)
<asynchronous suspension>
#38     TestWidgetsFlutterBinding._runTestBody (package:flutter_test/src/binding.dart:1059:5)
<asynchronous suspension>
<asynchronous suspension>
(elided 7 frames from class _AssertionError, dart:async, and package:stack_trace)

The following RenderObject was being processed when the exception was fired: RenderFlex#5bae8 relayoutBoundary=up4 NEEDS-LAYOUT NEEDS-PAINT NEEDS-COMPOSITING-BITS-UPDATE:
  creator: Row ΓåÉ Column ΓåÉ SliverToBoxAdapter ΓåÉ SliverPadding ΓåÉ Viewport ΓåÉ
    IgnorePointer-[GlobalKey#33823] ΓåÉ Semantics ΓåÉ Listener ΓåÉ _GestureSemantics ΓåÉ
    RawGestureDetector-[LabeledGlobalKey<RawGestureDetectorState>#bac30] ΓåÉ Listener ΓåÉ _ScrollableScope
    ΓåÉ Γï»
  parentData: offset=Offset(0.0, 0.0); flex=null; fit=null (can use size)
  constraints: BoxConstraints(0.0<=w<=768.0, 0.0<=h<=Infinity)
  size: MISSING
  direction: horizontal
  mainAxisAlignment: start
  mainAxisSize: max
  crossAxisAlignment: center
  textDirection: ltr
  verticalDirection: down
  spacing: 0.0
This RenderObject had the following descendants (showing up to depth 5):
    child 1: RenderSemanticsAnnotations#f162b relayoutBoundary=up5 NEEDS-PAINT NEEDS-COMPOSITING-BITS-UPDATE
      child: RenderPadding#8c349 relayoutBoundary=up6 NEEDS-PAINT NEEDS-COMPOSITING-BITS-UPDATE
        child: RenderPhysicalShape#9f485 relayoutBoundary=up7 NEEDS-PAINT NEEDS-COMPOSITING-BITS-UPDATE
          child: RenderCustomPaint#1fee5 relayoutBoundary=up8 NEEDS-PAINT NEEDS-COMPOSITING-BITS-UPDATE
            child: _RenderInkFeatures#37719 relayoutBoundary=up9 NEEDS-PAINT NEEDS-COMPOSITING-BITS-UPDATE
    child 2: RenderConstrainedBox#c67df relayoutBoundary=up5 NEEDS-PAINT
    child 3: RenderSemanticsAnnotations#de05c NEEDS-LAYOUT NEEDS-PAINT NEEDS-COMPOSITING-BITS-UPDATE
      child: RenderPadding#0c238 NEEDS-LAYOUT NEEDS-PAINT NEEDS-COMPOSITING-BITS-UPDATE
        child: RenderPhysicalShape#31103 NEEDS-LAYOUT NEEDS-PAINT NEEDS-COMPOSITING-BITS-UPDATE
          child: RenderCustomPaint#749cb NEEDS-LAYOUT NEEDS-PAINT NEEDS-COMPOSITING-BITS-UPDATE
            child: _RenderInkFeatures#26fb4 NEEDS-LAYOUT NEEDS-PAINT NEEDS-COMPOSITING-BITS-UPDATE
ΓòÉΓòÉΓòÉΓòÉΓòÉΓòÉΓòÉΓòÉΓòÉΓòÉΓòÉΓòÉΓòÉΓòÉΓòÉΓòÉΓòÉΓòÉΓòÉΓòÉΓòÉΓòÉΓòÉΓòÉΓòÉΓòÉΓòÉΓòÉΓòÉΓòÉΓòÉΓòÉΓòÉΓòÉΓòÉΓòÉΓòÉΓòÉΓòÉΓòÉΓòÉΓòÉΓòÉΓòÉΓòÉΓòÉΓòÉΓòÉΓòÉΓòÉΓòÉΓòÉΓòÉΓòÉΓòÉΓòÉΓòÉΓòÉΓòÉΓòÉΓòÉΓòÉΓòÉΓòÉΓòÉΓòÉΓòÉΓòÉΓòÉΓòÉΓòÉΓòÉΓòÉΓòÉΓòÉΓòÉΓòÉΓòÉΓòÉΓòÉΓòÉΓòÉΓòÉΓòÉΓòÉΓòÉΓòÉΓòÉΓòÉΓòÉΓòÉΓòÉΓòÉΓòÉΓòÉΓòÉΓòÉΓòÉΓòÉΓòÉ
ΓòÉΓòÉΓòí EXCEPTION CAUGHT BY RENDERING LIBRARY Γò₧ΓòÉΓòÉΓòÉΓòÉΓòÉΓòÉΓòÉΓòÉΓòÉΓòÉΓòÉΓòÉΓòÉΓòÉΓòÉΓòÉΓòÉΓòÉΓòÉΓòÉΓòÉΓòÉΓòÉΓòÉΓòÉΓòÉΓòÉΓòÉΓòÉΓòÉΓòÉΓòÉΓòÉΓòÉΓòÉΓòÉΓòÉΓòÉΓòÉΓòÉΓòÉΓòÉΓòÉΓòÉΓòÉΓòÉΓòÉΓòÉΓòÉΓòÉΓòÉΓòÉΓòÉΓòÉΓòÉΓòÉΓòÉ
The following assertion was thrown during performLayout():
RenderBox was not laid out: RenderFlex#5bae8 relayoutBoundary=up4 NEEDS-PAINT
NEEDS-COMPOSITING-BITS-UPDATE
'package:flutter/src/rendering/box.dart':
Failed assertion: line 2251 pos 12: 'hasSize'

Either the assertion indicates an error in the framework itself, or we should provide substantially
more information in this error message to help you determine and fix the underlying cause.
In either case, please report this assertion by filing a bug on GitHub:
  https://github.com/flutter/flutter/issues/new?template=02_bug.yml

The relevant error-causing widget was:
  Column
  Column:file:///C:/Users/Shresth/Desktop/Projects/i-c-m-s/lib/features/dashboard/presentation/pages/home_screen.dart:45:24

When the exception was thrown, this was the stack:
#2      RenderBox.size (package:flutter/src/rendering/box.dart:2251:12)
#3      ChildLayoutHelper.layoutChild (package:flutter/src/rendering/layout_helper.dart:63:18)
#4      RenderFlex._computeSizes (package:flutter/src/rendering/flex.dart:1161:28)
#5      RenderFlex.performLayout (package:flutter/src/rendering/flex.dart:1257:32)
#6      RenderObject.layout (package:flutter/src/rendering/object.dart:2775:7)
#7      RenderSliverToBoxAdapter.performLayout (package:flutter/src/rendering/sliver.dart:2046:12)
#8      RenderObject.layout (package:flutter/src/rendering/object.dart:2775:7)
#9      RenderSliverEdgeInsetsPadding.performLayout (package:flutter/src/rendering/sliver_padding.dart:133:12)
#10     RenderSliverPadding.performLayout (package:flutter/src/rendering/sliver_padding.dart:371:11)
#11     RenderObject.layout (package:flutter/src/rendering/object.dart:2775:7)
#12     RenderViewportBase.layoutChildSequence (package:flutter/src/rendering/viewport.dart:673:13)
#13     RenderViewport._attemptLayout (package:flutter/src/rendering/viewport.dart:1684:12)
#14     RenderViewport.performLayout (package:flutter/src/rendering/viewport.dart:1575:20)
#15     RenderObject._layoutWithoutResize (package:flutter/src/rendering/object.dart:2623:7)
#16     PipelineOwner.flushLayout (package:flutter/src/rendering/object.dart:1170:18)
#17     PipelineOwner.flushLayout (package:flutter/src/rendering/object.dart:1183:15)
#18     AutomatedTestWidgetsFlutterBinding.drawFrame (package:flutter_test/src/binding.dart:1508:27)
#19     RendererBinding._handlePersistentFrameCallback (package:flutter/src/rendering/binding.dart:495:5)
#20     SchedulerBinding._invokeFrameCallback (package:flutter/src/scheduler/binding.dart:1434:15)
#21     SchedulerBinding.handleDrawFrame (package:flutter/src/scheduler/binding.dart:1347:9)
#22     AutomatedTestWidgetsFlutterBinding.pump.<anonymous closure> (package:flutter_test/src/binding.dart:1335:9)
#25     TestAsyncUtils.guard (package:flutter_test/src/test_async_utils.dart:74:41)
#26     AutomatedTestWidgetsFlutterBinding.pump (package:flutter_test/src/binding.dart:1324:27)
#27     WidgetTester.pump.<anonymous closure> (package:flutter_test/src/widget_tester.dart:652:53)
#30     TestAsyncUtils.guard (package:flutter_test/src/test_async_utils.dart:74:41)
#31     WidgetTester.pump (package:flutter_test/src/widget_tester.dart:652:27)
#32     main.<anonymous closure> (file:///C:/Users/Shresth/Desktop/Projects/i-c-m-s/test/widget_test.dart:37:18)
<asynchronous suspension>
#33     testWidgets.<anonymous closure>.<anonymous closure> (package:flutter_test/src/widget_tester.dart:192:15)
<asynchronous suspension>
#34     TestWidgetsFlutterBinding._runTestBody (package:flutter_test/src/binding.dart:1059:5)
<asynchronous suspension>
<asynchronous suspension>
(elided 7 frames from class _AssertionError, dart:async, and package:stack_trace)

The following RenderObject was being processed when the exception was fired: RenderFlex#ec8ab relayoutBoundary=up3 NEEDS-LAYOUT NEEDS-COMPOSITING-BITS-UPDATE:
  creator: Column ΓåÉ SliverToBoxAdapter ΓåÉ SliverPadding ΓåÉ Viewport ΓåÉ IgnorePointer-[GlobalKey#33823] ΓåÉ
    Semantics ΓåÉ Listener ΓåÉ _GestureSemantics ΓåÉ
    RawGestureDetector-[LabeledGlobalKey<RawGestureDetectorState>#bac30] ΓåÉ Listener ΓåÉ _ScrollableScope
    ΓåÉ _ScrollSemantics-[GlobalKey#63b8b] ΓåÉ Γï»
  parentData: paintOffset=Offset(0.0, -0.0) (can use size)
  constraints: BoxConstraints(w=768.0, 0.0<=h<=Infinity)
  size: Size(768.0, 224.0)
  direction: vertical
  mainAxisAlignment: start
  mainAxisSize: max
  crossAxisAlignment: start
  textDirection: ltr
  verticalDirection: down
  spacing: 0.0
This RenderObject had the following descendants (showing up to depth 5):
    child 1: RenderParagraph#90ec1 relayoutBoundary=up4
      text: TextSpan
    child 2: RenderConstrainedBox#30943 relayoutBoundary=up4
    child 3: RenderFlex#5bae8 relayoutBoundary=up4 NEEDS-PAINT NEEDS-COMPOSITING-BITS-UPDATE
      child 1: RenderSemanticsAnnotations#f162b relayoutBoundary=up5 NEEDS-PAINT NEEDS-COMPOSITING-BITS-UPDATE
        child: RenderPadding#8c349 relayoutBoundary=up6 NEEDS-PAINT NEEDS-COMPOSITING-BITS-UPDATE
          child: RenderPhysicalShape#9f485 relayoutBoundary=up7 NEEDS-PAINT NEEDS-COMPOSITING-BITS-UPDATE
            child: RenderCustomPaint#1fee5 relayoutBoundary=up8 NEEDS-PAINT NEEDS-COMPOSITING-BITS-UPDATE
      child 2: RenderConstrainedBox#c67df relayoutBoundary=up5 NEEDS-PAINT
      child 3: RenderSemanticsAnnotations#de05c NEEDS-LAYOUT NEEDS-PAINT NEEDS-COMPOSITING-BITS-UPDATE
        child: RenderPadding#0c238 NEEDS-LAYOUT NEEDS-PAINT NEEDS-COMPOSITING-BITS-UPDATE
          child: RenderPhysicalShape#31103 NEEDS-LAYOUT NEEDS-PAINT NEEDS-COMPOSITING-BITS-UPDATE
            child: RenderCustomPaint#749cb NEEDS-LAYOUT NEEDS-PAINT NEEDS-COMPOSITING-BITS-UPDATE
    child 4: RenderConstrainedBox#55397 relayoutBoundary=up4
    child 5: RenderParagraph#8d4eb relayoutBoundary=up4
      text: TextSpan
    child 6: RenderConstrainedBox#f38cf relayoutBoundary=up4
ΓòÉΓòÉΓòÉΓòÉΓòÉΓòÉΓòÉΓòÉΓòÉΓòÉΓòÉΓòÉΓòÉΓòÉΓòÉΓòÉΓòÉΓòÉΓòÉΓòÉΓòÉΓòÉΓòÉΓòÉΓòÉΓòÉΓòÉΓòÉΓòÉΓòÉΓòÉΓòÉΓòÉΓòÉΓòÉΓòÉΓòÉΓòÉΓòÉΓòÉΓòÉΓòÉΓòÉΓòÉΓòÉΓòÉΓòÉΓòÉΓòÉΓòÉΓòÉΓòÉΓòÉΓòÉΓòÉΓòÉΓòÉΓòÉΓòÉΓòÉΓòÉΓòÉΓòÉΓòÉΓòÉΓòÉΓòÉΓòÉΓòÉΓòÉΓòÉΓòÉΓòÉΓòÉΓòÉΓòÉΓòÉΓòÉΓòÉΓòÉΓòÉΓòÉΓòÉΓòÉΓòÉΓòÉΓòÉΓòÉΓòÉΓòÉΓòÉΓòÉΓòÉΓòÉΓòÉΓòÉΓòÉΓòÉΓòÉΓòÉ
ΓòÉΓòÉΓòí EXCEPTION CAUGHT BY RENDERING LIBRARY Γò₧ΓòÉΓòÉΓòÉΓòÉΓòÉΓòÉΓòÉΓòÉΓòÉΓòÉΓòÉΓòÉΓòÉΓòÉΓòÉΓòÉΓòÉΓòÉΓòÉΓòÉΓòÉΓòÉΓòÉΓòÉΓòÉΓòÉΓòÉΓòÉΓòÉΓòÉΓòÉΓòÉΓòÉΓòÉΓòÉΓòÉΓòÉΓòÉΓòÉΓòÉΓòÉΓòÉΓòÉΓòÉΓòÉΓòÉΓòÉΓòÉΓòÉΓòÉΓòÉΓòÉΓòÉΓòÉΓòÉΓòÉΓòÉ
The following assertion was thrown during paint():
RenderBox was not laid out: RenderPhysicalShape#9f485 relayoutBoundary=up7
'package:flutter/src/rendering/box.dart':
Failed assertion: line 2251 pos 12: 'hasSize'

Either the assertion indicates an error in the framework itself, or we should provide substantially
more information in this error message to help you determine and fix the underlying cause.
In either case, please report this assertion by filing a bug on GitHub:
  https://github.com/flutter/flutter/issues/new?template=02_bug.yml

The relevant error-causing widget was:
  Card
  Card:file:///C:/Users/Shresth/Desktop/Projects/i-c-m-s/lib/features/dashboard/presentation/widgets/summary_stat_card.dart:22:12

When the exception was thrown, this was the stack:
#2      RenderBox.size (package:flutter/src/rendering/box.dart:2251:12)
#3      _RenderCustomClip._updateClip (package:flutter/src/rendering/proxy_box.dart:1488:33)
#4      RenderPhysicalShape.paint (package:flutter/src/rendering/proxy_box.dart:2249:5)
#5      RenderObject._paintWithContext (package:flutter/src/rendering/object.dart:3436:7)
#6      PaintingContext.paintChild (package:flutter/src/rendering/object.dart:261:13)
#7      RenderShiftedBox.paint (package:flutter/src/rendering/shifted_box.dart:81:15)
#8      RenderObject._paintWithContext (package:flutter/src/rendering/object.dart:3436:7)
#9      PaintingContext.paintChild (package:flutter/src/rendering/object.dart:261:13)
#10     RenderProxyBoxMixin.paint (package:flutter/src/rendering/proxy_box.dart:140:13)
#11     RenderObject._paintWithContext (package:flutter/src/rendering/object.dart:3436:7)
#12     PaintingContext.paintChild (package:flutter/src/rendering/object.dart:261:13)
#13     RenderBoxContainerDefaultsMixin.defaultPaint (package:flutter/src/rendering/box.dart:3367:15)
#14     RenderFlex.paint (package:flutter/src/rendering/flex.dart:1317:7)
#15     RenderObject._paintWithContext (package:flutter/src/rendering/object.dart:3436:7)
#16     PaintingContext.paintChild (package:flutter/src/rendering/object.dart:261:13)
#17     RenderBoxContainerDefaultsMixin.defaultPaint (package:flutter/src/rendering/box.dart:3367:15)
#18     RenderFlex.paint (package:flutter/src/rendering/flex.dart:1317:7)
#19     RenderObject._paintWithContext (package:flutter/src/rendering/object.dart:3436:7)
#20     PaintingContext.paintChild (package:flutter/src/rendering/object.dart:261:13)
#21     RenderSliverSingleBoxAdapter.paint (package:flutter/src/rendering/sliver.dart:2018:15)
#22     RenderObject._paintWithContext (package:flutter/src/rendering/object.dart:3436:7)
#23     PaintingContext.paintChild (package:flutter/src/rendering/object.dart:261:13)
#24     RenderSliverEdgeInsetsPadding.paint (package:flutter/src/rendering/sliver_padding.dart:272:15)
#25     RenderObject._paintWithContext (package:flutter/src/rendering/object.dart:3436:7)
#26     PaintingContext.paintChild (package:flutter/src/rendering/object.dart:261:13)
#27     RenderViewportBase._paintContents (package:flutter/src/rendering/viewport.dart:851:17)
#28     RenderViewportBase.paint (package:flutter/src/rendering/viewport.dart:836:7)
#29     RenderObject._paintWithContext (package:flutter/src/rendering/object.dart:3436:7)
#30     PaintingContext._repaintCompositedChild (package:flutter/src/rendering/object.dart:176:11)
#31     PaintingContext.repaintCompositedChild (package:flutter/src/rendering/object.dart:121:5)
#32     PipelineOwner.flushPaint (package:flutter/src/rendering/object.dart:1322:31)
#33     PipelineOwner.flushPaint (package:flutter/src/rendering/object.dart:1332:15)
#34     AutomatedTestWidgetsFlutterBinding.drawFrame (package:flutter_test/src/binding.dart:1512:31)
#35     RendererBinding._handlePersistentFrameCallback (package:flutter/src/rendering/binding.dart:495:5)
#36     SchedulerBinding._invokeFrameCallback (package:flutter/src/scheduler/binding.dart:1434:15)
#37     SchedulerBinding.handleDrawFrame (package:flutter/src/scheduler/binding.dart:1347:9)
#38     AutomatedTestWidgetsFlutterBinding.pump.<anonymous closure> (package:flutter_test/src/binding.dart:1335:9)
#41     TestAsyncUtils.guard (package:flutter_test/src/test_async_utils.dart:74:41)
#42     AutomatedTestWidgetsFlutterBinding.pump (package:flutter_test/src/binding.dart:1324:27)
#43     WidgetTester.pump.<anonymous closure> (package:flutter_test/src/widget_tester.dart:652:53)
#46     TestAsyncUtils.guard (package:flutter_test/src/test_async_utils.dart:74:41)
#47     WidgetTester.pump (package:flutter_test/src/widget_tester.dart:652:27)
#48     main.<anonymous closure> (file:///C:/Users/Shresth/Desktop/Projects/i-c-m-s/test/widget_test.dart:37:18)
<asynchronous suspension>
#49     testWidgets.<anonymous closure>.<anonymous closure> (package:flutter_test/src/widget_tester.dart:192:15)
<asynchronous suspension>
#50     TestWidgetsFlutterBinding._runTestBody (package:flutter_test/src/binding.dart:1059:5)
<asynchronous suspension>
<asynchronous suspension>
(elided 7 frames from class _AssertionError, dart:async, and package:stack_trace)

The following RenderObject was being processed when the exception was fired: RenderPhysicalShape#9f485 relayoutBoundary=up7:
  creator: PhysicalShape ΓåÉ _MaterialInterior ΓåÉ Material ΓåÉ Padding ΓåÉ Semantics ΓåÉ Card ΓåÉ SummaryStatCard
    ΓåÉ Expanded ΓåÉ Row ΓåÉ Column ΓåÉ SliverToBoxAdapter ΓåÉ SliverPadding ΓåÉ Γï»
  parentData: offset=Offset(4.0, 4.0) (can use size)
  constraints: BoxConstraints(w=368.0, 0.0<=h<=Infinity)
  size: MISSING
  elevation: 2.0
  color: Color(alpha: 1.0000, red: 0.9686, green: 0.9490, blue: 0.9804, colorSpace: ColorSpace.sRGB)
  shadowColor: Color(alpha: 1.0000, red: 0.9686, green: 0.9490, blue: 0.9804, colorSpace:
    ColorSpace.sRGB)
  clipper: ShapeBorderClipper
This RenderObject had the following descendants (showing up to depth 5):
    child: RenderCustomPaint#1fee5 relayoutBoundary=up8 NEEDS-PAINT
      child: _RenderInkFeatures#37719 relayoutBoundary=up9 NEEDS-PAINT
        child: RenderSemanticsAnnotations#fa212 relayoutBoundary=up10 NEEDS-PAINT
          child: RenderSemanticsAnnotations#5cd42 relayoutBoundary=up11 NEEDS-PAINT
            child: RenderMouseRegion#4a989 relayoutBoundary=up12 NEEDS-PAINT
ΓòÉΓòÉΓòÉΓòÉΓòÉΓòÉΓòÉΓòÉΓòÉΓòÉΓòÉΓòÉΓòÉΓòÉΓòÉΓòÉΓòÉΓòÉΓòÉΓòÉΓòÉΓòÉΓòÉΓòÉΓòÉΓòÉΓòÉΓòÉΓòÉΓòÉΓòÉΓòÉΓòÉΓòÉΓòÉΓòÉΓòÉΓòÉΓòÉΓòÉΓòÉΓòÉΓòÉΓòÉΓòÉΓòÉΓòÉΓòÉΓòÉΓòÉΓòÉΓòÉΓòÉΓòÉΓòÉΓòÉΓòÉΓòÉΓòÉΓòÉΓòÉΓòÉΓòÉΓòÉΓòÉΓòÉΓòÉΓòÉΓòÉΓòÉΓòÉΓòÉΓòÉΓòÉΓòÉΓòÉΓòÉΓòÉΓòÉΓòÉΓòÉΓòÉΓòÉΓòÉΓòÉΓòÉΓòÉΓòÉΓòÉΓòÉΓòÉΓòÉΓòÉΓòÉΓòÉΓòÉΓòÉΓòÉΓòÉΓòÉ
ΓòÉΓòÉΓòí EXCEPTION CAUGHT BY SCHEDULER LIBRARY Γò₧ΓòÉΓòÉΓòÉΓòÉΓòÉΓòÉΓòÉΓòÉΓòÉΓòÉΓòÉΓòÉΓòÉΓòÉΓòÉΓòÉΓòÉΓòÉΓòÉΓòÉΓòÉΓòÉΓòÉΓòÉΓòÉΓòÉΓòÉΓòÉΓòÉΓòÉΓòÉΓòÉΓòÉΓòÉΓòÉΓòÉΓòÉΓòÉΓòÉΓòÉΓòÉΓòÉΓòÉΓòÉΓòÉΓòÉΓòÉΓòÉΓòÉΓòÉΓòÉΓòÉΓòÉΓòÉΓòÉΓòÉΓòÉ
The following assertion was thrown during a scheduler callback:
'package:flutter/src/rendering/object.dart': Failed assertion: line 5696 pos 14:
'!childSemantics.renderObject._needsLayout': is not true.

Either the assertion indicates an error in the framework itself, or we should provide substantially
more information in this error message to help you determine and fix the underlying cause.
In either case, please report this assertion by filing a bug on GitHub:
  https://github.com/flutter/flutter/issues/new?template=02_bug.yml

When the exception was thrown, this was the stack:
#2      _RenderObjectSemantics._collectChildMergeUpAndSiblingGroup (package:flutter/src/rendering/object.dart:5696:14)
#3      _RenderObjectSemantics.updateChildren (package:flutter/src/rendering/object.dart:5573:50)
#4      _RenderObjectSemantics._didUpdateParentData (package:flutter/src/rendering/object.dart:5774:5)
#5      _RenderObjectSemantics._collectChildMergeUpAndSiblingGroup (package:flutter/src/rendering/object.dart:5697:22)
#6      _RenderObjectSemantics.updateChildren (package:flutter/src/rendering/object.dart:5573:50)
#7      _RenderObjectSemantics._didUpdateParentData (package:flutter/src/rendering/object.dart:5774:5)
#8      _RenderObjectSemantics._collectChildMergeUpAndSiblingGroup (package:flutter/src/rendering/object.dart:5697:22)
#9      _RenderObjectSemantics.updateChildren (package:flutter/src/rendering/object.dart:5573:50)
#10     _RenderObjectSemantics._didUpdateParentData (package:flutter/src/rendering/object.dart:5774:5)
#11     _RenderObjectSemantics._collectChildMergeUpAndSiblingGroup (package:flutter/src/rendering/object.dart:5697:22)
#12     _RenderObjectSemantics.updateChildren (package:flutter/src/rendering/object.dart:5573:50)
#13     _RenderObjectSemantics._didUpdateParentData (package:flutter/src/rendering/object.dart:5774:5)
#14     _RenderObjectSemantics._collectChildMergeUpAndSiblingGroup (package:flutter/src/rendering/object.dart:5697:22)
#15     _RenderObjectSemantics.updateChildren (package:flutter/src/rendering/object.dart:5573:50)
#16     _RenderObjectSemantics._didUpdateParentData (package:flutter/src/rendering/object.dart:5774:5)
#17     _RenderObjectSemantics._collectChildMergeUpAndSiblingGroup (package:flutter/src/rendering/object.dart:5697:22)
#18     _RenderObjectSemantics.updateChildren (package:flutter/src/rendering/object.dart:5573:50)
#19     _RenderObjectSemantics._didUpdateParentData (package:flutter/src/rendering/object.dart:5774:5)
#20     _RenderObjectSemantics._collectChildMergeUpAndSiblingGroup (package:flutter/src/rendering/object.dart:5697:22)
#21     _RenderObjectSemantics.updateChildren (package:flutter/src/rendering/object.dart:5573:50)
#22     _RenderObjectSemantics._didUpdateParentData (package:flutter/src/rendering/object.dart:5774:5)
#23     _RenderObjectSemantics._collectChildMergeUpAndSiblingGroup (package:flutter/src/rendering/object.dart:5697:22)
#24     _RenderObjectSemantics.updateChildren (package:flutter/src/rendering/object.dart:5573:50)
#25     _RenderObjectSemantics._didUpdateParentData (package:flutter/src/rendering/object.dart:5774:5)
#26     _RenderObjectSemantics._collectChildMergeUpAndSiblingGroup (package:flutter/src/rendering/object.dart:5697:22)
#27     _RenderObjectSemantics.updateChildren (package:flutter/src/rendering/object.dart:5573:50)
#28     _RenderObjectSemantics._didUpdateParentData (package:flutter/src/rendering/object.dart:5774:5)
#29     _RenderObjectSemantics._collectChildMergeUpAndSiblingGroup (package:flutter/src/rendering/object.dart:5697:22)
#30     _RenderObjectSemantics.updateChildren (package:flutter/src/rendering/object.dart:5573:50)
#31     _RenderObjectSemantics._didUpdateParentData (package:flutter/src/rendering/object.dart:5774:5)
#32     _RenderObjectSemantics._collectChildMergeUpAndSiblingGroup (package:flutter/src/rendering/object.dart:5697:22)
#33     _RenderObjectSemantics.updateChildren (package:flutter/src/rendering/object.dart:5573:50)
#34     _RenderObjectSemantics._didUpdateParentData (package:flutter/src/rendering/object.dart:5774:5)
#35     _RenderObjectSemantics._collectChildMergeUpAndSiblingGroup (package:flutter/src/rendering/object.dart:5697:22)
#36     _RenderObjectSemantics.updateChildren (package:flutter/src/rendering/object.dart:5573:50)
#37     _RenderObjectSemantics._didUpdateParentData (package:flutter/src/rendering/object.dart:5774:5)
#38     _RenderObjectSemantics._collectChildMergeUpAndSiblingGroup (package:flutter/src/rendering/object.dart:5697:22)
#39     _RenderObjectSemantics.updateChildren (package:flutter/src/rendering/object.dart:5573:50)
#40     _RenderObjectSemantics._didUpdateParentData (package:flutter/src/rendering/object.dart:5774:5)
#41     _RenderObjectSemantics._collectChildMergeUpAndSiblingGroup (package:flutter/src/rendering/object.dart:5697:22)
#42     _RenderObjectSemantics.updateChildren (package:flutter/src/rendering/object.dart:5573:50)
#43     _RenderObjectSemantics._didUpdateParentData (package:flutter/src/rendering/object.dart:5774:5)
#44     _RenderObjectSemantics._collectChildMergeUpAndSiblingGroup (package:flutter/src/rendering/object.dart:5697:22)
#45     _RenderObjectSemantics.updateChildren (package:flutter/src/rendering/object.dart:5573:50)
#46     _RenderObjectSemantics._didUpdateParentData (package:flutter/src/rendering/object.dart:5774:5)
#47     _RenderObjectSemantics._collectChildMergeUpAndSiblingGroup (package:flutter/src/rendering/object.dart:5697:22)
#48     _RenderObjectSemantics.updateChildren (package:flutter/src/rendering/object.dart:5573:50)
#49     _RenderObjectSemantics._didUpdateParentData (package:flutter/src/rendering/object.dart:5774:5)
#50     _RenderObjectSemantics._collectChildMergeUpAndSiblingGroup (package:flutter/src/rendering/object.dart:5697:22)
#51     _RenderObjectSemantics.updateChildren (package:flutter/src/rendering/object.dart:5573:50)
#52     _RenderObjectSemantics._didUpdateParentData (package:flutter/src/rendering/object.dart:5774:5)
#53     _RenderObjectSemantics._collectChildMergeUpAndSiblingGroup (package:flutter/src/rendering/object.dart:5697:22)
#54     _RenderObjectSemantics.updateChildren (package:flutter/src/rendering/object.dart:5573:50)
#55     _RenderObjectSemantics._didUpdateParentData (package:flutter/src/rendering/object.dart:5774:5)
#56     _RenderObjectSemantics._collectChildMergeUpAndSiblingGroup (package:flutter/src/rendering/object.dart:5697:22)
#57     _RenderObjectSemantics.updateChildren (package:flutter/src/rendering/object.dart:5573:50)
#58     _RenderObjectSemantics._didUpdateParentData (package:flutter/src/rendering/object.dart:5774:5)
#59     _RenderObjectSemantics._collectChildMergeUpAndSiblingGroup (package:flutter/src/rendering/object.dart:5697:22)
#60     _RenderObjectSemantics.updateChildren (package:flutter/src/rendering/object.dart:5573:50)
#61     _RenderObjectSemantics._didUpdateParentData (package:flutter/src/rendering/object.dart:5774:5)
#62     _RenderObjectSemantics._collectChildMergeUpAndSiblingGroup (package:flutter/src/rendering/object.dart:5697:22)
#63     _RenderObjectSemantics.updateChildren (package:flutter/src/rendering/object.dart:5573:50)
#64     _RenderObjectSemantics._didUpdateParentData (package:flutter/src/rendering/object.dart:5774:5)
#65     _RenderObjectSemantics._collectChildMergeUpAndSiblingGroup (package:flutter/src/rendering/object.dart:5697:22)
#66     _RenderObjectSemantics.updateChildren (package:flutter/src/rendering/object.dart:5573:50)
#67     _RenderObjectSemantics._didUpdateParentData (package:flutter/src/rendering/object.dart:5774:5)
#68     _RenderObjectSemantics._collectChildMergeUpAndSiblingGroup (package:flutter/src/rendering/object.dart:5697:22)
#69     _RenderObjectSemantics.updateChildren (package:flutter/src/rendering/object.dart:5573:50)
#70     PipelineOwner.flushSemantics (package:flutter/src/rendering/object.dart:1470:25)
#71     PipelineOwner.flushSemantics (package:flutter/src/rendering/object.dart:1514:15)
#72     AutomatedTestWidgetsFlutterBinding.drawFrame (package:flutter_test/src/binding.dart:1519:35)
#73     RendererBinding._handlePersistentFrameCallback (package:flutter/src/rendering/binding.dart:495:5)
#74     SchedulerBinding._invokeFrameCallback (package:flutter/src/scheduler/binding.dart:1434:15)
#75     SchedulerBinding.handleDrawFrame (package:flutter/src/scheduler/binding.dart:1347:9)
#76     AutomatedTestWidgetsFlutterBinding.pump.<anonymous closure> (package:flutter_test/src/binding.dart:1335:9)
#79     TestAsyncUtils.guard (package:flutter_test/src/test_async_utils.dart:74:41)
#80     AutomatedTestWidgetsFlutterBinding.pump (package:flutter_test/src/binding.dart:1324:27)
#81     WidgetTester.pump.<anonymous closure> (package:flutter_test/src/widget_tester.dart:652:53)
#84     TestAsyncUtils.guard (package:flutter_test/src/test_async_utils.dart:74:41)
#85     WidgetTester.pump (package:flutter_test/src/widget_tester.dart:652:27)
#86     main.<anonymous closure> (file:///C:/Users/Shresth/Desktop/Projects/i-c-m-s/test/widget_test.dart:37:18)
<asynchronous suspension>
#87     testWidgets.<anonymous closure>.<anonymous closure> (package:flutter_test/src/widget_tester.dart:192:15)
<asynchronous suspension>
#88     TestWidgetsFlutterBinding._runTestBody (package:flutter_test/src/binding.dart:1059:5)
<asynchronous suspension>
<asynchronous suspension>
(elided 7 frames from class _AssertionError, dart:async, and package:stack_trace)
ΓòÉΓòÉΓòÉΓòÉΓòÉΓòÉΓòÉΓòÉΓòÉΓòÉΓòÉΓòÉΓòÉΓòÉΓòÉΓòÉΓòÉΓòÉΓòÉΓòÉΓòÉΓòÉΓòÉΓòÉΓòÉΓòÉΓòÉΓòÉΓòÉΓòÉΓòÉΓòÉΓòÉΓòÉΓòÉΓòÉΓòÉΓòÉΓòÉΓòÉΓòÉΓòÉΓòÉΓòÉΓòÉΓòÉΓòÉΓòÉΓòÉΓòÉΓòÉΓòÉΓòÉΓòÉΓòÉΓòÉΓòÉΓòÉΓòÉΓòÉΓòÉΓòÉΓòÉΓòÉΓòÉΓòÉΓòÉΓòÉΓòÉΓòÉΓòÉΓòÉΓòÉΓòÉΓòÉΓòÉΓòÉΓòÉΓòÉΓòÉΓòÉΓòÉΓòÉΓòÉΓòÉΓòÉΓòÉΓòÉΓòÉΓòÉΓòÉΓòÉΓòÉΓòÉΓòÉΓòÉΓòÉΓòÉΓòÉΓòÉ
ΓòÉΓòÉΓòí EXCEPTION CAUGHT BY SCHEDULER LIBRARY Γò₧ΓòÉΓòÉΓòÉΓòÉΓòÉΓòÉΓòÉΓòÉΓòÉΓòÉΓòÉΓòÉΓòÉΓòÉΓòÉΓòÉΓòÉΓòÉΓòÉΓòÉΓòÉΓòÉΓòÉΓòÉΓòÉΓòÉΓòÉΓòÉΓòÉΓòÉΓòÉΓòÉΓòÉΓòÉΓòÉΓòÉΓòÉΓòÉΓòÉΓòÉΓòÉΓòÉΓòÉΓòÉΓòÉΓòÉΓòÉΓòÉΓòÉΓòÉΓòÉΓòÉΓòÉΓòÉΓòÉΓòÉΓòÉ
The following assertion was thrown during a scheduler callback:
'package:flutter/src/rendering/object.dart': Failed assertion: line 5466 pos 14:
'!semantics.parentDataDirty': is not true.

When the exception was thrown, this was the stack:
#2      _RenderObjectSemantics.debugCheckForParentData.debugCheckParentDataNotDirty (package:flutter/src/rendering/object.dart:5466:14)
#3      List.forEach (dart:core-patch/growable_array.dart:428:8)
#4      _RenderObjectSemantics.debugCheckForParentData.debugCheckParentDataNotDirty (package:flutter/src/rendering/object.dart:5467:42)
#5      List.forEach (dart:core-patch/growable_array.dart:428:8)
#6      _RenderObjectSemantics.debugCheckForParentData.debugCheckParentDataNotDirty (package:flutter/src/rendering/object.dart:5467:42)
#7      List.forEach (dart:core-patch/growable_array.dart:428:8)
#8      _RenderObjectSemantics.debugCheckForParentData.debugCheckParentDataNotDirty (package:flutter/src/rendering/object.dart:5467:42)
#9      List.forEach (dart:core-patch/growable_array.dart:428:8)
#10     _RenderObjectSemantics.debugCheckForParentData.debugCheckParentDataNotDirty (package:flutter/src/rendering/object.dart:5467:42)
#11     List.forEach (dart:core-patch/growable_array.dart:428:8)
#12     _RenderObjectSemantics.debugCheckForParentData.debugCheckParentDataNotDirty (package:flutter/src/rendering/object.dart:5467:42)
#13     List.forEach (dart:core-patch/growable_array.dart:428:8)
#14     _RenderObjectSemantics.debugCheckForParentData.debugCheckParentDataNotDirty (package:flutter/src/rendering/object.dart:5467:42)
#15     List.forEach (dart:core-patch/growable_array.dart:428:8)
#16     _RenderObjectSemantics.debugCheckForParentData.debugCheckParentDataNotDirty (package:flutter/src/rendering/object.dart:5467:42)
#17     List.forEach (dart:core-patch/growable_array.dart:428:8)
#18     _RenderObjectSemantics.debugCheckForParentData.debugCheckParentDataNotDirty (package:flutter/src/rendering/object.dart:5467:42)
#19     List.forEach (dart:core-patch/growable_array.dart:428:8)
#20     _RenderObjectSemantics.debugCheckForParentData.debugCheckParentDataNotDirty (package:flutter/src/rendering/object.dart:5467:42)
#21     List.forEach (dart:core-patch/growable_array.dart:428:8)
#22     _RenderObjectSemantics.debugCheckForParentData.debugCheckParentDataNotDirty (package:flutter/src/rendering/object.dart:5467:42)
#23     List.forEach (dart:core-patch/growable_array.dart:428:8)
#24     _RenderObjectSemantics.debugCheckForParentData.debugCheckParentDataNotDirty (package:flutter/src/rendering/object.dart:5467:42)
#25     List.forEach (dart:core-patch/growable_array.dart:428:8)
#26     _RenderObjectSemantics.debugCheckForParentData.debugCheckParentDataNotDirty (package:flutter/src/rendering/object.dart:5467:42)
#27     List.forEach (dart:core-patch/growable_array.dart:428:8)
#28     _RenderObjectSemantics.debugCheckForParentData.debugCheckParentDataNotDirty (package:flutter/src/rendering/object.dart:5467:42)
#29     List.forEach (dart:core-patch/growable_array.dart:428:8)
#30     _RenderObjectSemantics.debugCheckForParentData.debugCheckParentDataNotDirty (package:flutter/src/rendering/object.dart:5467:42)
#31     List.forEach (dart:core-patch/growable_array.dart:428:8)
#32     _RenderObjectSemantics.debugCheckForParentData.debugCheckParentDataNotDirty (package:flutter/src/rendering/object.dart:5467:42)
#33     List.forEach (dart:core-patch/growable_array.dart:428:8)
#34     _RenderObjectSemantics.debugCheckForParentData.debugCheckParentDataNotDirty (package:flutter/src/rendering/object.dart:5467:42)
#35     List.forEach (dart:core-patch/growable_array.dart:428:8)
#36     _RenderObjectSemantics.debugCheckForParentData.debugCheckParentDataNotDirty (package:flutter/src/rendering/object.dart:5467:42)
#37     List.forEach (dart:core-patch/growable_array.dart:428:8)
#38     _RenderObjectSemantics.debugCheckForParentData.debugCheckParentDataNotDirty (package:flutter/src/rendering/object.dart:5467:42)
#39     List.forEach (dart:core-patch/growable_array.dart:428:8)
#40     _RenderObjectSemantics.debugCheckForParentData.debugCheckParentDataNotDirty (package:flutter/src/rendering/object.dart:5467:42)
#41     List.forEach (dart:core-patch/growable_array.dart:428:8)
#42     _RenderObjectSemantics.debugCheckForParentData.debugCheckParentDataNotDirty (package:flutter/src/rendering/object.dart:5467:42)
#43     List.forEach (dart:core-patch/growable_array.dart:428:8)
#44     _RenderObjectSemantics.debugCheckForParentData.debugCheckParentDataNotDirty (package:flutter/src/rendering/object.dart:5467:42)
#45     List.forEach (dart:core-patch/growable_array.dart:428:8)
#46     _RenderObjectSemantics.debugCheckForParentData.debugCheckParentDataNotDirty (package:flutter/src/rendering/object.dart:5467:42)
#47     List.forEach (dart:core-patch/growable_array.dart:428:8)
#48     _RenderObjectSemantics.debugCheckForParentData.debugCheckParentDataNotDirty (package:flutter/src/rendering/object.dart:5467:42)
#49     List.forEach (dart:core-patch/growable_array.dart:428:8)
#50     _RenderObjectSemantics.debugCheckForParentData.debugCheckParentDataNotDirty (package:flutter/src/rendering/object.dart:5467:42)
#51     List.forEach (dart:core-patch/growable_array.dart:428:8)
#52     _RenderObjectSemantics.debugCheckForParentData.debugCheckParentDataNotDirty (package:flutter/src/rendering/object.dart:5467:42)
#53     List.forEach (dart:core-patch/growable_array.dart:428:8)
#54     _RenderObjectSemantics.debugCheckForParentData.debugCheckParentDataNotDirty (package:flutter/src/rendering/object.dart:5467:42)
#55     List.forEach (dart:core-patch/growable_array.dart:428:8)
#56     _RenderObjectSemantics.debugCheckForParentData.debugCheckParentDataNotDirty (package:flutter/src/rendering/object.dart:5467:42)
#57     List.forEach (dart:core-patch/growable_array.dart:428:8)
#58     _RenderObjectSemantics.debugCheckForParentData.debugCheckParentDataNotDirty (package:flutter/src/rendering/object.dart:5467:42)
#59     List.forEach (dart:core-patch/growable_array.dart:428:8)
#60     _RenderObjectSemantics.debugCheckForParentData.debugCheckParentDataNotDirty (package:flutter/src/rendering/object.dart:5467:42)
#61     List.forEach (dart:core-patch/growable_array.dart:428:8)
#62     _RenderObjectSemantics.debugCheckForParentData.debugCheckParentDataNotDirty (package:flutter/src/rendering/object.dart:5467:42)
#63     List.forEach (dart:core-patch/growable_array.dart:428:8)
#64     _RenderObjectSemantics.debugCheckForParentData.debugCheckParentDataNotDirty (package:flutter/src/rendering/object.dart:5467:42)
#65     List.forEach (dart:core-patch/growable_array.dart:428:8)
#66     _RenderObjectSemantics.debugCheckForParentData.debugCheckParentDataNotDirty (package:flutter/src/rendering/object.dart:5467:42)
#67     List.forEach (dart:core-patch/growable_array.dart:428:8)
#68     _RenderObjectSemantics.debugCheckForParentData.debugCheckParentDataNotDirty (package:flutter/src/rendering/object.dart:5467:42)
#69     List.forEach (dart:core-patch/growable_array.dart:428:8)
#70     _RenderObjectSemantics.debugCheckForParentData.debugCheckParentDataNotDirty (package:flutter/src/rendering/object.dart:5467:42)
#71     List.forEach (dart:core-patch/growable_array.dart:428:8)
#72     _RenderObjectSemantics.debugCheckForParentData.debugCheckParentDataNotDirty (package:flutter/src/rendering/object.dart:5467:42)
#73     List.forEach (dart:core-patch/growable_array.dart:428:8)
#74     _RenderObjectSemantics.debugCheckForParentData.debugCheckParentDataNotDirty (package:flutter/src/rendering/object.dart:5467:42)
#75     List.forEach (dart:core-patch/growable_array.dart:428:8)
#76     _RenderObjectSemantics.debugCheckForParentData.debugCheckParentDataNotDirty (package:flutter/src/rendering/object.dart:5467:42)
#77     List.forEach (dart:core-patch/growable_array.dart:428:8)
#78     _RenderObjectSemantics.debugCheckForParentData.debugCheckParentDataNotDirty (package:flutter/src/rendering/object.dart:5467:42)
#79     List.forEach (dart:core-patch/growable_array.dart:428:8)
#80     _RenderObjectSemantics.debugCheckForParentData.debugCheckParentDataNotDirty (package:flutter/src/rendering/object.dart:5467:42)
#81     List.forEach (dart:core-patch/growable_array.dart:428:8)
#82     _RenderObjectSemantics.debugCheckForParentData.debugCheckParentDataNotDirty (package:flutter/src/rendering/object.dart:5467:42)
#83     List.forEach (dart:core-patch/growable_array.dart:428:8)
#84     _RenderObjectSemantics.debugCheckForParentData.debugCheckParentDataNotDirty (package:flutter/src/rendering/object.dart:5467:42)
#85     List.forEach (dart:core-patch/growable_array.dart:428:8)
#86     _RenderObjectSemantics.debugCheckForParentData.debugCheckParentDataNotDirty (package:flutter/src/rendering/object.dart:5467:42)
#87     List.forEach (dart:core-patch/growable_array.dart:428:8)
#88     _RenderObjectSemantics.debugCheckForParentData.debugCheckParentDataNotDirty (package:flutter/src/rendering/object.dart:5467:42)
#89     List.forEach (dart:core-patch/growable_array.dart:428:8)
#90     _RenderObjectSemantics.debugCheckForParentData.debugCheckParentDataNotDirty (package:flutter/src/rendering/object.dart:5467:42)
#91     List.forEach (dart:core-patch/growable_array.dart:428:8)
#92     _RenderObjectSemantics.debugCheckForParentData.debugCheckParentDataNotDirty (package:flutter/src/rendering/object.dart:5467:42)
#93     List.forEach (dart:core-patch/growable_array.dart:428:8)
#94     _RenderObjectSemantics.debugCheckForParentData.debugCheckParentDataNotDirty (package:flutter/src/rendering/object.dart:5467:42)
#95     List.forEach (dart:core-patch/growable_array.dart:428:8)
#96     _RenderObjectSemantics.debugCheckForParentData.debugCheckParentDataNotDirty (package:flutter/src/rendering/object.dart:5467:42)
#97     List.forEach (dart:core-patch/growable_array.dart:428:8)
#98     _RenderObjectSemantics.debugCheckForParentData.debugCheckParentDataNotDirty (package:flutter/src/rendering/object.dart:5467:42)
#99     List.forEach (dart:core-patch/growable_array.dart:428:8)
#100    _RenderObjectSemantics.debugCheckForParentData.debugCheckParentDataNotDirty (package:flutter/src/rendering/object.dart:5467:42)
#101    List.forEach (dart:core-patch/growable_array.dart:428:8)
#102    _RenderObjectSemantics.debugCheckForParentData.debugCheckParentDataNotDirty (package:flutter/src/rendering/object.dart:5467:42)
#103    List.forEach (dart:core-patch/growable_array.dart:428:8)
#104    _RenderObjectSemantics.debugCheckForParentData.debugCheckParentDataNotDirty (package:flutter/src/rendering/object.dart:5467:42)
#105    List.forEach (dart:core-patch/growable_array.dart:428:8)
#106    _RenderObjectSemantics.debugCheckForParentData.debugCheckParentDataNotDirty (package:flutter/src/rendering/object.dart:5467:42)
#107    List.forEach (dart:core-patch/growable_array.dart:428:8)
#108    _RenderObjectSemantics.debugCheckForParentData.debugCheckParentDataNotDirty (package:flutter/src/rendering/object.dart:5467:42)
#109    List.forEach (dart:core-patch/growable_array.dart:428:8)
#110    _RenderObjectSemantics.debugCheckForParentData.debugCheckParentDataNotDirty (package:flutter/src/rendering/object.dart:5467:42)
#111    List.forEach (dart:core-patch/growable_array.dart:428:8)
#112    _RenderObjectSemantics.debugCheckForParentData.debugCheckParentDataNotDirty (package:flutter/src/rendering/object.dart:5467:42)
#113    List.forEach (dart:core-patch/growable_array.dart:428:8)
#114    _RenderObjectSemantics.debugCheckForParentData.debugCheckParentDataNotDirty (package:flutter/src/rendering/object.dart:5467:42)
#115    List.forEach (dart:core-patch/growable_array.dart:428:8)
#116    _RenderObjectSemantics.debugCheckForParentData.debugCheckParentDataNotDirty (package:flutter/src/rendering/object.dart:5467:42)
#117    List.forEach (dart:core-patch/growable_array.dart:428:8)
#118    _RenderObjectSemantics.debugCheckForParentData.debugCheckParentDataNotDirty (package:flutter/src/rendering/object.dart:5467:42)
#119    _RenderObjectSemantics.debugCheckForParentData (package:flutter/src/rendering/object.dart:5470:5)
#120    PipelineOwner.flushSemantics.<anonymous closure> (package:flutter/src/rendering/object.dart:1479:34)
#121    PipelineOwner.flushSemantics (package:flutter/src/rendering/object.dart:1482:8)
#122    PipelineOwner.flushSemantics (package:flutter/src/rendering/object.dart:1514:15)
#123    AutomatedTestWidgetsFlutterBinding.drawFrame (package:flutter_test/src/binding.dart:1519:35)
#124    RendererBinding._handlePersistentFrameCallback (package:flutter/src/rendering/binding.dart:495:5)
#125    SchedulerBinding._invokeFrameCallback (package:flutter/src/scheduler/binding.dart:1434:15)
#126    SchedulerBinding.handleDrawFrame (package:flutter/src/scheduler/binding.dart:1347:9)
#127    AutomatedTestWidgetsFlutterBinding.pump.<anonymous closure> (package:flutter_test/src/binding.dart:1335:9)
#130    TestAsyncUtils.guard (package:flutter_test/src/test_async_utils.dart:74:41)
#131    AutomatedTestWidgetsFlutterBinding.pump (package:flutter_test/src/binding.dart:1324:27)
#132    WidgetTester.pump.<anonymous closure> (package:flutter_test/src/widget_tester.dart:652:53)
#135    TestAsyncUtils.guard (package:flutter_test/src/test_async_utils.dart:74:41)
#136    WidgetTester.pump (package:flutter_test/src/widget_tester.dart:652:27)
#137    main.<anonymous closure> (file:///C:/Users/Shresth/Desktop/Projects/i-c-m-s/test/widget_test.dart:41:18)
<asynchronous suspension>
#138    testWidgets.<anonymous closure>.<anonymous closure> (package:flutter_test/src/widget_tester.dart:192:15)
<asynchronous suspension>
#139    TestWidgetsFlutterBinding._runTestBody (package:flutter_test/src/binding.dart:1059:5)
<asynchronous suspension>
<asynchronous suspension>
(elided 7 frames from class _AssertionError, dart:async, and package:stack_trace)
ΓòÉΓòÉΓòÉΓòÉΓòÉΓòÉΓòÉΓòÉΓòÉΓòÉΓòÉΓòÉΓòÉΓòÉΓòÉΓòÉΓòÉΓòÉΓòÉΓòÉΓòÉΓòÉΓòÉΓòÉΓòÉΓòÉΓòÉΓòÉΓòÉΓòÉΓòÉΓòÉΓòÉΓòÉΓòÉΓòÉΓòÉΓòÉΓòÉΓòÉΓòÉΓòÉΓòÉΓòÉΓòÉΓòÉΓòÉΓòÉΓòÉΓòÉΓòÉΓòÉΓòÉΓòÉΓòÉΓòÉΓòÉΓòÉΓòÉΓòÉΓòÉΓòÉΓòÉΓòÉΓòÉΓòÉΓòÉΓòÉΓòÉΓòÉΓòÉΓòÉΓòÉΓòÉΓòÉΓòÉΓòÉΓòÉΓòÉΓòÉΓòÉΓòÉΓòÉΓòÉΓòÉΓòÉΓòÉΓòÉΓòÉΓòÉΓòÉΓòÉΓòÉΓòÉΓòÉΓòÉΓòÉΓòÉΓòÉΓòÉ
ΓòÉΓòÉΓòí EXCEPTION CAUGHT BY FLUTTER TEST FRAMEWORK Γò₧ΓòÉΓòÉΓòÉΓòÉΓòÉΓòÉΓòÉΓòÉΓòÉΓòÉΓòÉΓòÉΓòÉΓòÉΓòÉΓòÉΓòÉΓòÉΓòÉΓòÉΓòÉΓòÉΓòÉΓòÉΓòÉΓòÉΓòÉΓòÉΓòÉΓòÉΓòÉΓòÉΓòÉΓòÉΓòÉΓòÉΓòÉΓòÉΓòÉΓòÉΓòÉΓòÉΓòÉΓòÉΓòÉΓòÉΓòÉΓòÉΓòÉΓòÉΓòÉΓòÉ
The following message was thrown:
Multiple exceptions (17) were detected during the running of the current test, and at least one was
unexpected.
ΓòÉΓòÉΓòÉΓòÉΓòÉΓòÉΓòÉΓòÉΓòÉΓòÉΓòÉΓòÉΓòÉΓòÉΓòÉΓòÉΓòÉΓòÉΓòÉΓòÉΓòÉΓòÉΓòÉΓòÉΓòÉΓòÉΓòÉΓòÉΓòÉΓòÉΓòÉΓòÉΓòÉΓòÉΓòÉΓòÉΓòÉΓòÉΓòÉΓòÉΓòÉΓòÉΓòÉΓòÉΓòÉΓòÉΓòÉΓòÉΓòÉΓòÉΓòÉΓòÉΓòÉΓòÉΓòÉΓòÉΓòÉΓòÉΓòÉΓòÉΓòÉΓòÉΓòÉΓòÉΓòÉΓòÉΓòÉΓòÉΓòÉΓòÉΓòÉΓòÉΓòÉΓòÉΓòÉΓòÉΓòÉΓòÉΓòÉΓòÉΓòÉΓòÉΓòÉΓòÉΓòÉΓòÉΓòÉΓòÉΓòÉΓòÉΓòÉΓòÉΓòÉΓòÉΓòÉΓòÉΓòÉΓòÉΓòÉΓòÉ
00:00 +0 -1: App displays dashboard with empty state [E]
  Test failed. See exception logs above.
  The test description was: App displays dashboard with empty state
  
00:00 +0 -1: Some tests failed.
